 addon

 Timestamp is 5d743eba (Sat Sep  7 18:35:22 2019)

 Preferred load address is 0000000180000000

 Start         Length     Name                   Class
 0001:00000000 0000b450H .text$mn                CODE
 0001:0000b450 00000020H .text$mn$00             CODE
 0001:0000b470 00000250H .text$x                 CODE
 0002:00000000 00000240H .idata$5                DATA
 0002:00000240 00000010H .00cfg                  DATA
 0002:00000250 00000008H .CRT$XCA                DATA
 0002:00000258 00000008H .CRT$XCU                DATA
 0002:00000260 00000008H .CRT$XCZ                DATA
 0002:00000268 00000008H .CRT$XIA                DATA
 0002:00000270 00000018H .CRT$XIC                DATA
 0002:00000288 00000008H .CRT$XIZ                DATA
 0002:00000290 00000008H .CRT$XPA                DATA
 0002:00000298 00000010H .CRT$XPX                DATA
 0002:000002a8 00000008H .CRT$XPXA               DATA
 0002:000002b0 00000008H .CRT$XPZ                DATA
 0002:000002b8 00000008H .CRT$XTA                DATA
 0002:000002c0 00000010H .CRT$XTZ                DATA
 0002:000002c8 00000000H .gfids$y                DATA
 0002:000002d0 00007180H .rdata                  DATA
 0002:00007450 00000000H .rdata$r                DATA
 0002:00007450 00000398H .rdata$zzzdbg           DATA
 0002:000077e8 00000008H .rtc$IAA                DATA
 0002:000077f0 00000008H .rtc$IZZ                DATA
 0002:000077f8 00000008H .rtc$TAA                DATA
 0002:00007800 00000008H .rtc$TZZ                DATA
 0002:00007808 00000b10H .xdata                  DATA
 0002:00008318 00000000H .xdata$x                DATA
 0002:00008318 00000020H .didat$2                DATA
 0002:00008338 00000020H .didat$3                DATA
 0002:00008358 00000068H .didat$4                DATA
 0002:000083c0 00000340H .didat$6                DATA
 0002:00008700 00000070H .didat$7                DATA
 0002:00008770 00000050H .edata                  DATA
 0002:000087c0 00000014H .idata$2                DATA
 0002:000087d4 00000014H .idata$3                DATA
 0002:000087e8 00000240H .idata$4                DATA
 0002:00008a28 0000053aH .idata$6                DATA
 0003:00000000 00000a20H .data                   DATA
 0003:00000a20 00000000H .data$r                 DATA
 0003:00000a20 00000070H .didat$5                DATA
 0003:00000a90 000011e8H .bss                    DATA
 0004:00000000 00000da4H .pdata                  DATA
 0005:00000000 00000094H _RDATA                  DATA
 0006:00000000 00000060H .rsrc$01                DATA
 0006:00000060 00000180H .rsrc$02                DATA

  Address         Publics by Value              Rva+Base               Lib:Object

 0000:00000000       __hybrid_code_map          0000000000000000     <absolute>
 0000:00000000       __guard_iat_count          0000000000000000     <absolute>
 0000:00000000       __guard_fids_count         0000000000000000     <absolute>
 0000:00000000       __volatile_metadata        0000000000000000     <absolute>
 0000:00000000       __guard_longjmp_count      0000000000000000     <absolute>
 0000:00000000       __guard_longjmp_table      0000000000000000     <absolute>
 0000:00000000       __guard_iat_table          0000000000000000     <absolute>
 0000:00000000       __hybrid_code_map_count    0000000000000000     <absolute>
 0000:00000000       ___safe_se_handler_count   0000000000000000     <absolute>
 0000:00000000       __enclave_config           0000000000000000     <absolute>
 0000:00000000       __AbsoluteZero             0000000000000000     <absolute>
 0000:00000000       ___safe_se_handler_table   0000000000000000     <absolute>
 0000:00000000       __guard_fids_table         0000000000000000     <absolute>
 0000:00000000       __dynamic_value_reloc_table 0000000000000000     <absolute>
 0000:00000000       __hybrid_auxiliary_iat     0000000000000000     <absolute>
 0000:00000100       __guard_flags              0000000000000100     <absolute>
 0000:00000000       __ImageBase                0000000180000000     <linker-defined>
 0001:00000000       ?Sum@@YAXAEBV?$FunctionCallbackInfo@VValue@v8@@@v8@@@Z 0000000180001000 f   addon.obj
 0001:000000a0       ?Initialize@@YAXV?$Local@VObject@v8@@@v8@@@Z 00000001800010a0 f   addon.obj
 0001:000001f4       __imp_load_?GetCurrentContext@Isolate@v8@@QEAA?AV?$Local@VContext@v8@@@2@XZ 00000001800011f4 f   node:node.exe
 0001:00000200       __tailMerge_node_exe       0000000180001200     node:node.exe
 0001:00000279       __imp_load_?GetCurrent@Isolate@v8@@SAPEAV12@XZ 0000000180001279 f   node:node.exe
 0001:00000285       __imp_load_??1HandleScope@v8@@QEAA@XZ 0000000180001285 f   node:node.exe
 0001:00000291       __imp_load_??0HandleScope@v8@@QEAA@PEAVIsolate@1@@Z 0000000180001291 f   node:node.exe
 0001:0000029d       __imp_load_?GetFunction@FunctionTemplate@v8@@QEAA?AV?$MaybeLocal@VFunction@v8@@@2@V?$Local@VContext@v8@@@2@@Z 000000018000129d f   node:node.exe
 0001:000002a9       __imp_load_?New@FunctionTemplate@v8@@SA?AV?$Local@VFunctionTemplate@v8@@@2@PEAVIsolate@2@P6AXAEBV?$FunctionCallbackInfo@VValue@v8@@@2@@ZV?$Local@VValue@v8@@@2@V?$Local@VSignature@v8@@@2@HW4ConstructorBehavior@2@W4SideEffectType@2@@Z 00000001800012a9 f   node:node.exe
 0001:000002b5       __imp_load_?ToLocalEmpty@V8@v8@@CAXXZ 00000001800012b5 f   node:node.exe
 0001:000002c1       __imp_load_?NewFromUtf8@String@v8@@SA?AV?$MaybeLocal@VString@v8@@@2@PEAVIsolate@2@PEBDW4NewStringType@2@H@Z 00000001800012c1 f   node:node.exe
 0001:000002cd       __imp_load_?New@Number@v8@@SA?AV?$Local@VNumber@v8@@@2@PEAVIsolate@2@N@Z 00000001800012cd f   node:node.exe
 0001:000002d9       __imp_load_?Set@Object@v8@@QEAA_NV?$Local@VValue@v8@@@2@0@Z 00000001800012d9 f   node:node.exe
 0001:000002e5       __imp_load_?SetName@Function@v8@@QEAAXV?$Local@VString@v8@@@2@@Z 00000001800012e5 f   node:node.exe
 0001:000002f1       __imp_load_node_module_register 00000001800012f1 f   node:node.exe
 0001:00000310       __security_check_cookie    0000000180001310 f   LIBCMT:amdsecgs.obj
 0001:00000654       _DllMainCRTStartup         0000000180001654 f   LIBCMT:dll_dllmain.obj
 0001:00000694       __raise_securityfailure    0000000180001694 f   LIBCMT:gs_report.obj
 0001:000006c8       __report_gsfailure         00000001800016c8 f   LIBCMT:gs_report.obj
 0001:0000079c       __report_rangecheckfailure 000000018000179c f   LIBCMT:gs_report.obj
 0001:000007b0       __report_securityfailure   00000001800017b0 f   LIBCMT:gs_report.obj
 0001:00000930       __security_init_cookie     0000000180001930 f   LIBCMT:gs_support.obj
 0001:000009dc       _get_startup_argv_mode     00000001800019dc f   LIBCMT:argv_mode.obj
 0001:000009dc       DllMain                    00000001800019dc f   LIBCMT:dll_dllmain_stub.obj
 0001:000009e4       ?__scrt_initialize_type_info@@YAXXZ 00000001800019e4 f   LIBCMT:tncleanup.obj
 0001:000009f4       ?__scrt_uninitialize_type_info@@YAXXZ 00000001800019f4 f   LIBCMT:tncleanup.obj
 0001:00000a00       __local_stdio_printf_options 0000000180001a00 f i LIBCMT:default_local_stdio_options.obj
 0001:00000a08       __local_stdio_scanf_options 0000000180001a08 f i LIBCMT:default_local_stdio_options.obj
 0001:00000a10       __scrt_initialize_default_local_stdio_options 0000000180001a10 f   LIBCMT:default_local_stdio_options.obj
 0001:00000a2c       __scrt_acquire_startup_lock 0000000180001a2c f   LIBCMT:utility.obj
 0001:00000a68       __scrt_dllmain_after_initialize_c 0000000180001a68 f   LIBCMT:utility.obj
 0001:00000a9c       __scrt_dllmain_before_initialize_c 0000000180001a9c f   LIBCMT:utility.obj
 0001:00000ab4       __scrt_dllmain_crt_thread_attach 0000000180001ab4 f   LIBCMT:utility.obj
 0001:00000adc       __scrt_dllmain_crt_thread_detach 0000000180001adc f   LIBCMT:utility.obj
 0001:00000af4       __scrt_dllmain_exception_filter 0000000180001af4 f   LIBCMT:utility.obj
 0001:00000b54       __scrt_dllmain_uninitialize_c 0000000180001b54 f   LIBCMT:utility.obj
 0001:00000b84       __scrt_dllmain_uninitialize_critical 0000000180001b84 f   LIBCMT:utility.obj
 0001:00000b98       __scrt_initialize_crt      0000000180001b98 f   LIBCMT:utility.obj
 0001:00000be4       __scrt_initialize_onexit_tables 0000000180001be4 f   LIBCMT:utility.obj
 0001:00000c70       __scrt_is_nonwritable_in_current_image 0000000180001c70 f   LIBCMT:utility.obj
 0001:00000d08       __scrt_release_startup_lock 0000000180001d08 f   LIBCMT:utility.obj
 0001:00000d2c       __scrt_uninitialize_crt    0000000180001d2c f   LIBCMT:utility.obj
 0001:00000d58       __scrt_get_dyn_tls_init_callback 0000000180001d58 f   LIBCMT:dyn_tls_init.obj
 0001:00000d60       __crt_debugger_hook        0000000180001d60 f   LIBCMT:utility_desktop.obj
 0001:00000d68       __scrt_fastfail            0000000180001d68 f   LIBCMT:utility_desktop.obj
 0001:00000eb4       _RTC_Initialize            0000000180001eb4 f   LIBCMT:initsect.obj
 0001:00000ef0       _RTC_Terminate             0000000180001ef0 f   LIBCMT:initsect.obj
 0001:00000f2c       _guard_check_icall_nop     0000000180001f2c f i LIBCMT:guard_support.obj
 0001:00000f30       __isa_available_init       0000000180001f30 f   LIBCMT:cpu_disp.obj
 0001:000010ac       __scrt_is_ucrt_dll_in_use  00000001800020ac f   LIBCMT:ucrt_detection.obj
 0001:000010c0       __C_specific_handler       00000001800020c0 f   libvcruntime:riscchandler.obj
 0001:000012cc       __std_type_info_destroy_list 00000001800022cc f   libvcruntime:std_type_info.obj
 0001:000012f8       __vcrt_initialize          00000001800022f8 f   libvcruntime:initialization.obj
 0001:00001320       __vcrt_thread_attach       0000000180002320 f   libvcruntime:initialization.obj
 0001:00001334       __vcrt_thread_detach       0000000180002334 f   libvcruntime:initialization.obj
 0001:00001348       __vcrt_uninitialize        0000000180002348 f   libvcruntime:initialization.obj
 0001:00001364       __vcrt_uninitialize_critical 0000000180002364 f   libvcruntime:initialization.obj
 0001:00001390       memset_repmovs             0000000180002390 f   libvcruntime:memset.obj
 0001:000013b0       memset                     00000001800023b0 f   libvcruntime:memset.obj
 0001:00001550       _NLG_Notify                0000000180002550 f   libvcruntime:notify.obj
 0001:00001570       __NLG_Dispatch2            0000000180002570 f   libvcruntime:notify.obj
 0001:00001580       __NLG_Return2              0000000180002580 f   libvcruntime:notify.obj
 0001:00001584       __except_validate_context_record 0000000180002584 f   libvcruntime:jbcxrval.obj
 0001:000015bc       __DestructExceptionObject  00000001800025bc f   libvcruntime:ehhelpers.obj
 0001:00001630       ?_CallMemberFunction0@@YAXQEAX0@Z 0000000180002630 f i libvcruntime:ehhelpers.obj
 0001:00001634       __vcrt_freefls             0000000180002634 f   libvcruntime:per_thread_data.obj
 0001:00001654       __vcrt_freeptd             0000000180002654 f   libvcruntime:per_thread_data.obj
 0001:000016a4       __vcrt_getptd_noexit       00000001800026a4 f   libvcruntime:per_thread_data.obj
 0001:00001764       __vcrt_initialize_ptd      0000000180002764 f   libvcruntime:per_thread_data.obj
 0001:000017ac       __vcrt_uninitialize_ptd    00000001800027ac f   libvcruntime:per_thread_data.obj
 0001:000017d0       __vcrt_initialize_locks    00000001800027d0 f   libvcruntime:locks.obj
 0001:00001804       __vcrt_uninitialize_locks  0000000180002804 f   libvcruntime:locks.obj
 0001:00001850       memcpy_repmovs             0000000180002850 f   libvcruntime:memcpy.obj
 0001:00001870       memmove                    0000000180002870 f   libvcruntime:memcpy.obj
 0001:00001870       memcpy                     0000000180002870 f   libvcruntime:memcpy.obj
 0001:00001da4       __vcrt_FlsAlloc            0000000180002da4 f   libvcruntime:winapi_downlevel.obj
 0001:00001dec       __vcrt_FlsFree             0000000180002dec f   libvcruntime:winapi_downlevel.obj
 0001:00001e34       __vcrt_FlsGetValue         0000000180002e34 f   libvcruntime:winapi_downlevel.obj
 0001:00001e7c       __vcrt_FlsSetValue         0000000180002e7c f   libvcruntime:winapi_downlevel.obj
 0001:00001ed0       __vcrt_InitializeCriticalSectionEx 0000000180002ed0 f   libvcruntime:winapi_downlevel.obj
 0001:00001f50       _CallSettingFrame          0000000180002f50 f   libvcruntime:handlers.obj
 0001:00001fa0       _CallSettingFrame_LookupContinuationIndex 0000000180002fa0 f   libvcruntime:handlers.obj
 0001:00001fd0       _CallSettingFrame_NotifyContinuationAddr 0000000180002fd0 f   libvcruntime:handlers.obj
 0001:00002000       _CallSettingFrameEncoded   0000000180003000 f   libvcruntime:handlers.obj
 0001:00002048       ??0_LocaleUpdate@@QEAA@QEAU__crt_locale_pointers@@@Z 0000000180003048 f i libucrt:stricmp.obj
 0001:000020e4       __ascii_stricmp            00000001800030e4 f   libucrt:stricmp.obj
 0001:00002120       _stricmp                   0000000180003120 f   libucrt:stricmp.obj
 0001:00002168       _stricmp_l                 0000000180003168 f   libucrt:stricmp.obj
 0001:000021f0       _initterm                  00000001800031f0 f   libucrt:initterm.obj
 0001:00002254       _initterm_e                0000000180003254 f   libucrt:initterm.obj
 0001:00002294       _seh_filter_dll            0000000180003294 f   libucrt:exception_filter.obj
 0001:000022a8       _seh_filter_exe            00000001800032a8 f   libucrt:exception_filter.obj
 0001:00002698       __acrt_initialize_thread_local_exit_callback 0000000180003698 f   libucrt:exit.obj
 0001:000026a0       _cexit                     00000001800036a0 f   libucrt:exit.obj
 0001:000026b0       _exit                      00000001800036b0 f   libucrt:exit.obj
 0001:000026bc       _is_c_termination_complete 00000001800036bc f   libucrt:exit.obj
 0001:00002888       __acrt_allocate_buffer_for_argv 0000000180003888 f   libucrt:argv_parsing.obj
 0001:000028e8       _configure_narrow_argv     00000001800038e8 f   libucrt:argv_parsing.obj
 0001:00002c60       __dcrt_uninitialize_environments_nolock 0000000180003c60 f   libucrt:environment_initialization.obj
 0001:00002c98       _initialize_narrow_environment 0000000180003c98 f   libucrt:environment_initialization.obj
 0001:00002df4       _execute_onexit_table      0000000180003df4 f   libucrt:onexit.obj
 0001:00002e30       _initialize_onexit_table   0000000180003e30 f   libucrt:onexit.obj
 0001:00002e90       __acrt_uninitialize_command_line 0000000180003e90 f   libucrt:argv_data.obj
 0001:00002f88       __acrt_initialize          0000000180003f88 f   libucrt:initialization.obj
 0001:00002f9c       __acrt_thread_attach       0000000180003f9c f   libucrt:initialization.obj
 0001:00002fb0       __acrt_thread_detach       0000000180003fb0 f   libucrt:initialization.obj
 0001:00002fc0       __acrt_uninitialize        0000000180003fc0 f   libucrt:initialization.obj
 0001:00002ff8       __acrt_uninitialize_critical 0000000180003ff8 f   libucrt:initialization.obj
 0001:00003008       terminate                  0000000180004008 f   libucrt:terminate.obj
 0001:00003028       free                       0000000180004028 f   libucrt:free.obj
 0001:0000303c       strcpy_s                   000000018000403c f   libucrt:strcpy_s.obj
 0001:000030b0       strncmp                    00000001800040b0 f   libucrt:strncmp.obj
 0001:00003130       abort                      0000000180004130 f   libucrt:abort.obj
 0001:00003188       calloc                     0000000180004188 f   libucrt:calloc.obj
 0001:00003190       wcsncmp                    0000000180004190 f   libucrt:wcsncmp.obj
 0001:000031bc       __acrt_call_reportfault    00000001800041bc f   libucrt:invalid_parameter.obj
 0001:00003318       __acrt_initialize_invalid_parameter_handler 0000000180004318 f   libucrt:invalid_parameter.obj
 0001:00003320       _invalid_parameter         0000000180004320 f   libucrt:invalid_parameter.obj
 0001:000033d0       _invalid_parameter_noinfo  00000001800043d0 f   libucrt:invalid_parameter.obj
 0001:000033f0       _invoke_watson             00000001800043f0 f   libucrt:invalid_parameter.obj
 0001:00003438       __acrt_errno_from_os_error 0000000180004438 f   libucrt:errno.obj
 0001:00003480       __acrt_errno_map_os_error  0000000180004480 f   libucrt:errno.obj
 0001:000034d0       __doserrno                 00000001800044d0 f   libucrt:errno.obj
 0001:000034f0       _errno                     00000001800044f0 f   libucrt:errno.obj
 0001:00003888       __acrt_freeptd             0000000180004888 f   libucrt:per_thread_data.obj
 0001:000038cc       __acrt_getptd              00000001800048cc f   libucrt:per_thread_data.obj
 0001:000039a0       __acrt_getptd_head         00000001800049a0 f   libucrt:per_thread_data.obj
 0001:00003a48       __acrt_getptd_noexit       0000000180004a48 f   libucrt:per_thread_data.obj
 0001:00003b14       __acrt_initialize_ptd      0000000180004b14 f   libucrt:per_thread_data.obj
 0001:00003b50       __acrt_uninitialize_ptd    0000000180004b50 f   libucrt:per_thread_data.obj
 0001:00003b74       __acrt_update_locale_info  0000000180004b74 f   libucrt:locale_update.obj
 0001:00003ba8       __acrt_update_multibyte_info 0000000180004ba8 f   libucrt:locale_update.obj
 0001:00003c4c       __acrt_set_locale_changed  0000000180004c4c f   libucrt:wsetlocale.obj
 0001:00003c58       __acrt_uninitialize_locale 0000000180004c58 f   libucrt:wsetlocale.obj
 0001:00003c88       __acrt_initialize_locks    0000000180004c88 f   libucrt:locks.obj
 0001:00003cd0       __acrt_lock                0000000180004cd0 f   libucrt:locks.obj
 0001:00003cec       __acrt_uninitialize_locks  0000000180004cec f   libucrt:locks.obj
 0001:00003d24       __acrt_unlock              0000000180004d24 f   libucrt:locks.obj
 0001:00003d40       __acrt_get_process_end_policy 0000000180004d40 f   libucrt:win_policies.obj
 0001:00003d7c       _calloc_base               0000000180004d7c f   libucrt:calloc_base.obj
 0001:00003df4       _free_base                 0000000180004df4 f   libucrt:free_base.obj
 0001:00003e48       ??$__acrt_mbs_to_wcs_cp@U__crt_win32_buffer_internal_dynamic_resizing@@@@YAHQEBDAEAV?$__crt_win32_buffer@_WU__crt_win32_buffer_internal_dynamic_resizing@@@@I@Z 0000000180004e48 f i libucrt:argv_wildcards.obj
 0001:00003fc0       ??$__acrt_wcs_to_mbs_cp@U__crt_win32_buffer_internal_dynamic_resizing@@@@YAHQEB_WAEAV?$__crt_win32_buffer@DU__crt_win32_buffer_internal_dynamic_resizing@@@@I@Z 0000000180004fc0 f i libucrt:argv_wildcards.obj
 0001:000047f0       __acrt_expand_narrow_argv_wildcards 00000001800057f0 f   libucrt:argv_wildcards.obj
 0001:000047f8       ??$__acrt_wcs_to_mbs_cp@U__crt_win32_buffer_no_resizing@@@@YAHQEB_WAEAV?$__crt_win32_buffer@DU__crt_win32_buffer_no_resizing@@@@I@Z 00000001800057f8 f i libucrt:getmodulefilenamea.obj
 0001:0000490c       __acrt_GetModuleFileNameA  000000018000590c f   libucrt:getmodulefilenamea.obj
 0001:00005158       __acrt_initialize_multibyte 0000000180006158 f   libucrt:mbctype.obj
 0001:000051b8       __acrt_update_thread_multibyte_data 00000001800061b8 f   libucrt:mbctype.obj
 0001:000051d4       _setmbcp_nolock            00000001800061d4 f   libucrt:mbctype.obj
 0001:00005508       _ismbblead                 0000000180006508 f   libucrt:ismbbyte.obj
 0001:0000551c       __acrt_initialize_command_line 000000018000651c f   libucrt:argv_data.obj
 0001:00005544       __acrt_MultiByteToWideChar 0000000180006544 f   libucrt:multibytetowidechar.obj
 0001:000055a0       __acrt_WideCharToMultiByte 00000001800065a0 f   libucrt:widechartomultibyte.obj
 0001:00005638       __dcrt_get_narrow_environment_from_os 0000000180006638 f   libucrt:get_environment_from_os.obj
 0001:0000573c       _recalloc_base             000000018000673c f   libucrt:recalloc.obj
 0001:000059ac       __acrt_AppPolicyGetProcessTerminationMethodInternal 00000001800069ac f   libucrt:winapi_thunks.obj
 0001:000059fc       __acrt_AreFileApisANSI     00000001800069fc f   libucrt:winapi_thunks.obj
 0001:00005a38       __acrt_FlsAlloc            0000000180006a38 f   libucrt:winapi_thunks.obj
 0001:00005a80       __acrt_FlsFree             0000000180006a80 f   libucrt:winapi_thunks.obj
 0001:00005ac8       __acrt_FlsGetValue         0000000180006ac8 f   libucrt:winapi_thunks.obj
 0001:00005b10       __acrt_FlsSetValue         0000000180006b10 f   libucrt:winapi_thunks.obj
 0001:00005b64       __acrt_InitializeCriticalSectionEx 0000000180006b64 f   libucrt:winapi_thunks.obj
 0001:00005bc8       __acrt_LCMapStringEx       0000000180006bc8 f   libucrt:winapi_thunks.obj
 0001:00005ca4       __acrt_LocaleNameToLCID    0000000180006ca4 f   libucrt:winapi_thunks.obj
 0001:00005cf4       __acrt_initialize_winapi_thunks 0000000180006cf4 f   libucrt:winapi_thunks.obj
 0001:00005d28       __acrt_uninitialize_winapi_thunks 0000000180006d28 f   libucrt:winapi_thunks.obj
 0001:00005d6c       __acrt_initialize_heap     0000000180006d6c f   libucrt:heap_handle.obj
 0001:00005d88       __acrt_uninitialize_heap   0000000180006d88 f   libucrt:heap_handle.obj
 0001:00005f90       __acrt_initialize_lowio    0000000180006f90 f   libucrt:ioinit.obj
 0001:00005fcc       __acrt_uninitialize_lowio  0000000180006fcc f   libucrt:ioinit.obj
 0001:0000600c       __acrt_execute_initializers 000000018000700c f   libucrt:shared_initialization.obj
 0001:0000608c       __acrt_execute_uninitializers 000000018000708c f   libucrt:shared_initialization.obj
 0001:000060c8       __acrt_initialize_new_handler 00000001800070c8 f   libucrt:new_handler.obj
 0001:000060d0       _callnewh                  00000001800070d0 f   libucrt:new_handler.obj
 0001:00006100       _query_new_handler         0000000180007100 f   libucrt:new_handler.obj
 0001:0000617c       __acrt_get_sigabrt_handler 000000018000717c f   libucrt:signal.obj
 0001:000061ac       __acrt_initialize_signal_handlers 00000001800071ac f   libucrt:signal.obj
 0001:000061cc       raise                      00000001800071cc f   libucrt:signal.obj
 0001:00006438       __acrt_has_user_matherr    0000000180007438 f   libucrt:matherr.obj
 0001:00006458       __acrt_initialize_user_matherr 0000000180007458 f   libucrt:matherr.obj
 0001:00006460       __acrt_invoke_user_matherr 0000000180007460 f   libucrt:matherr.obj
 0001:0000666c       __acrt_stdio_flush_nolock  000000018000766c f   libucrt:fflush.obj
 0001:000066e8       _fflush_nolock             00000001800076e8 f   libucrt:fflush.obj
 0001:00006734       _flushall                  0000000180007734 f   libucrt:fflush.obj
 0001:0000673c       __acrt_initialize_stdio    000000018000773c f   libucrt:_file.obj
 0001:0000685c       __acrt_uninitialize_stdio  000000018000785c f   libucrt:_file.obj
 0001:000068b8       _lock_file                 00000001800078b8 f   libucrt:_file.obj
 0001:000068c4       _unlock_file               00000001800078c4 f   libucrt:_file.obj
 0001:000068d0       _malloc_base               00000001800078d0 f   libucrt:malloc_base.obj
 0001:00006930       _mbtowc_l                  0000000180007930 f   libucrt:mbtowc.obj
 0001:00006ab0       mbtowc                     0000000180007ab0 f   libucrt:mbtowc.obj
 0001:00006ab8       _fileno                    0000000180007ab8 f   libucrt:fileno.obj
 0001:00006ae0       __pctype_func              0000000180007ae0 f   libucrt:ctype.obj
 0001:00006b10       __acrt_add_locale_ref      0000000180007b10 f   libucrt:locale_refcounting.obj
 0001:00006b9c       __acrt_free_locale         0000000180007b9c f   libucrt:locale_refcounting.obj
 0001:00006d14       __acrt_locale_add_lc_time_reference 0000000180007d14 f   libucrt:locale_refcounting.obj
 0001:00006d3c       __acrt_locale_free_lc_time_if_unreferenced 0000000180007d3c f   libucrt:locale_refcounting.obj
 0001:00006d74       __acrt_locale_release_lc_time_reference 0000000180007d74 f   libucrt:locale_refcounting.obj
 0001:00006d9c       __acrt_release_locale_ref  0000000180007d9c f   libucrt:locale_refcounting.obj
 0001:00006e44       __acrt_update_thread_locale_data 0000000180007e44 f   libucrt:locale_refcounting.obj
 0001:00006eb0       _updatetlocinfoEx_nolock   0000000180007eb0 f   libucrt:locale_refcounting.obj
 0001:00006f18       __acrt_locale_free_monetary 0000000180007f18 f   libucrt:initmon.obj
 0001:00007024       __acrt_locale_free_numeric 0000000180008024 f   libucrt:initnum.obj
 0001:000070e8       __acrt_locale_free_time    00000001800080e8 f   libucrt:inittime.obj
 0001:000071f0       __acrt_GetStringTypeA      00000001800081f0 f   libucrt:getstringtypea.obj
 0001:00007380       _query_new_mode            0000000180008380 f   libucrt:new_mode.obj
 0001:00007390       qsort                      0000000180008390 f   libucrt:qsort.obj
 0001:00007740       strncpy_s                  0000000180008740 f   libucrt:strncpy_s.obj
 0001:000078c0       strpbrk                    00000001800088c0 f   libucrt:strpbrk.obj
 0001:00007ca0       _mbsdec                    0000000180008ca0 f   libucrt:mbsdec.obj
 0001:00007ca8       _mbsdec_l                  0000000180008ca8 f   libucrt:mbsdec.obj
 0001:00008054       __acrt_LCMapStringA        0000000180009054 f   libucrt:lcmapstringa.obj
 0001:00008104       _msize_base                0000000180009104 f   libucrt:msize.obj
 0001:00008140       _realloc_base              0000000180009140 f   libucrt:realloc_base.obj
 0001:000081bc       __acrt_DownlevelLocaleNameToLCID 00000001800091bc f   libucrt:lcidtoname_downlevel.obj
 0001:0000826c       __acrt_lowio_create_handle_array 000000018000926c f   libucrt:osfinfo.obj
 0001:00008314       __acrt_lowio_destroy_handle_array 0000000180009314 f   libucrt:osfinfo.obj
 0001:00008364       __acrt_lowio_ensure_fh_exists 0000000180009364 f   libucrt:osfinfo.obj
 0001:0000840c       __acrt_lowio_lock_fh       000000018000940c f   libucrt:osfinfo.obj
 0001:00008434       __acrt_lowio_unlock_fh     0000000180009434 f   libucrt:osfinfo.obj
 0001:0000845c       _free_osfhnd               000000018000945c f   libucrt:osfinfo.obj
 0001:00008518       _get_osfhandle             0000000180009518 f   libucrt:osfinfo.obj
 0001:0000861c       _commit                    000000018000961c f   libucrt:commit.obj
 0001:00008f10       _write                     0000000180009f10 f   libucrt:write.obj
 0001:00008ffc       _write_nolock              0000000180009ffc f   libucrt:write.obj
 0001:000092d8       _fcloseall                 000000018000a2d8 f   libucrt:closeall.obj
 0001:0000938c       __acrt_stdio_free_buffer_nolock 000000018000a38c f   libucrt:_freebuf.obj
 0001:000093cc       _isatty                    000000018000a3cc f   libucrt:isatty.obj
 0001:0000942c       _isleadbyte_l              000000018000a42c f i libucrt:_wctype.obj
 0001:00009478       ?__mbrtowc_utf8@__crt_mbstring@@YA_KPEA_WPEBD_KPEAU_Mbstatet@@@Z 000000018000a478 f   libucrt:mbrtowc.obj
 0001:000094b4       ?__mbsrtowcs_utf8@__crt_mbstring@@YA_KPEA_WPEAPEBD_KPEAU_Mbstatet@@@Z 000000018000a4b4 f   libucrt:mbrtowc.obj
 0001:0000962c       __ascii_wcsnicmp           000000018000a62c f   libucrt:wcsnicmp.obj
 0001:00009678       __strncnt                  000000018000a678 f   libucrt:strncnt.obj
 0001:00009690       _query_app_type            000000018000a690 f   libucrt:report_runtime_error.obj
 0001:00009734       _lseeki64_nolock           000000018000a734 f   libucrt:lseek.obj
 0001:0000973c       _putwch_nolock             000000018000a73c f   libucrt:putwch.obj
 0001:00009778       _fclose_nolock             000000018000a778 f   libucrt:fclose.obj
 0001:000097fc       fclose                     000000018000a7fc f   libucrt:fclose.obj
 0001:00009860       ?__mbrtoc32_utf8@__crt_mbstring@@YA_KPEA_UPEBD_KPEAU_Mbstatet@@@Z 000000018000a860 f   libucrt:mbrtoc32.obj
 0001:00009a40       log10                      000000018000aa40 f   libucrt:log10.obj
 0001:00009fec       __dcrt_lowio_ensure_console_output_initialized 000000018000afec f   libucrt:initcon.obj
 0001:0000a040       __dcrt_terminate_console_output 000000018000b040 f   libucrt:initcon.obj
 0001:0000a05c       __dcrt_write_console       000000018000b05c f   libucrt:initcon.obj
 0001:0000a190       _close                     000000018000b190 f   libucrt:close.obj
 0001:0000a234       _close_nolock              000000018000b234 f   libucrt:close.obj
 0001:0000a2f4       ?__acrt_stdio_free_stream@@YAXV__crt_stdio_stream@@@Z 000000018000b2f4 f   libucrt:stream.obj
 0001:0000a434       _handle_error              000000018000b434 f   libucrt:libm_error.obj
 0001:0000a560       __acrt_initialize_fma3     000000018000b560 f   libucrt:fma3_available.obj
 0001:0000a5d0       _log10_special             000000018000b5d0 f   libucrt:log_special.obj
 0001:0000a6a0       _get_fpsr                  000000018000b6a0 f   libucrt:fpsr.obj
 0001:0000a6b0       _set_fpsr                  000000018000b6b0 f   libucrt:fpsr.obj
 0001:0000a6ba       _fclrf                     000000018000b6ba f   libucrt:fpsr.obj
 0001:0000a6ce       _frnd                      000000018000b6ce f   libucrt:fpsr.obj
 0001:0000a6f0       _raise_exc                 000000018000b6f0 f   libucrt:fpexcept.obj
 0001:0000a718       _raise_exc_ex              000000018000b718 f   libucrt:fpexcept.obj
 0001:0000aa28       _set_errno_from_matherr    000000018000ba28 f   libucrt:fpexcept.obj
 0001:0000aa58       _clrfp                     000000018000ba58 f   libucrt:fpctrl.obj
 0001:0000aa78       _ctrlfp                    000000018000ba78 f   libucrt:fpctrl.obj
 0001:0000aaf4       _set_statfp                000000018000baf4 f   libucrt:fpctrl.obj
 0001:0000ab14       _statfp                    000000018000bb14 f   libucrt:fpctrl.obj
 0001:0000ab25       IsProcessorFeaturePresent  000000018000bb25 f   kernel32:KERNEL32.dll
 0001:0000ab2c       ?DloadAcquireSectionWriteAccess@@YAXXZ 000000018000bb2c f i DelayImp:delayhlp.obj
 0001:0000abd8       ?DloadGetSRWLockFunctionPointers@@YAEXZ 000000018000bbd8 f i DelayImp:delayhlp.obj
 0001:0000ac74       ?DloadMakePermanentImageCommit@@YAXPEAX_K@Z 000000018000bc74 f i DelayImp:delayhlp.obj
 0001:0000ad0c       ?DloadObtainSection@@YAPEAXPEAK0@Z 000000018000bd0c f i DelayImp:delayhlp.obj
 0001:0000ada8       ?DloadProtectSection@@YAXKPEAK@Z 000000018000bda8 f i DelayImp:delayhlp.obj
 0001:0000ae38       ?DloadReleaseSectionWriteAccess@@YAXXZ 000000018000be38 f i DelayImp:delayhlp.obj
 0001:0000aecc       __delayLoadHelper2         000000018000becc f   DelayImp:delayhlp.obj
 0001:0000b1b0       _FindPESection             000000018000c1b0 f   LIBCMT:pesect.obj
 0001:0000b200       _IsNonwritableInCurrentImage 000000018000c200 f   LIBCMT:pesect.obj
 0001:0000b250       _ValidateImageBase         000000018000c250 f   LIBCMT:pesect.obj
 0001:0000b280       __GSHandlerCheck           000000018000c280 f   LIBCMT:gshandler.obj
 0001:0000b2a0       __GSHandlerCheckCommon     000000018000c2a0 f   LIBCMT:gshandler.obj
 0001:0000b310       _alloca_probe              000000018000c310 f   LIBCMT:chkstk.obj
 0001:0000b310       __chkstk                   000000018000c310 f   LIBCMT:chkstk.obj
 0001:0000b380       memcmp                     000000018000c380 f   libvcruntime:memcmp.obj
 0001:0000b460       _guard_dispatch_icall_nop  000000018000c460 f   LIBCMT:guard_dispatch.obj
 0002:00000000       __imp_GetModuleHandleA     000000018000d000     kernel32:KERNEL32.dll
 0002:00000008       __imp_LoadLibraryExA       000000018000d008     kernel32:KERNEL32.dll
 0002:00000010       __imp_RtlCaptureContext    000000018000d010     kernel32:KERNEL32.dll
 0002:00000018       __imp_RtlLookupFunctionEntry 000000018000d018     kernel32:KERNEL32.dll
 0002:00000020       __imp_RtlVirtualUnwind     000000018000d020     kernel32:KERNEL32.dll
 0002:00000028       __imp_UnhandledExceptionFilter 000000018000d028     kernel32:KERNEL32.dll
 0002:00000030       __imp_SetUnhandledExceptionFilter 000000018000d030     kernel32:KERNEL32.dll
 0002:00000038       __imp_GetCurrentProcess    000000018000d038     kernel32:KERNEL32.dll
 0002:00000040       __imp_TerminateProcess     000000018000d040     kernel32:KERNEL32.dll
 0002:00000048       __imp_IsProcessorFeaturePresent 000000018000d048     kernel32:KERNEL32.dll
 0002:00000050       __imp_QueryPerformanceCounter 000000018000d050     kernel32:KERNEL32.dll
 0002:00000058       __imp_GetCurrentProcessId  000000018000d058     kernel32:KERNEL32.dll
 0002:00000060       __imp_GetCurrentThreadId   000000018000d060     kernel32:KERNEL32.dll
 0002:00000068       __imp_GetSystemTimeAsFileTime 000000018000d068     kernel32:KERNEL32.dll
 0002:00000070       __imp_InitializeSListHead  000000018000d070     kernel32:KERNEL32.dll
 0002:00000078       __imp_IsDebuggerPresent    000000018000d078     kernel32:KERNEL32.dll
 0002:00000080       __imp_GetStartupInfoW      000000018000d080     kernel32:KERNEL32.dll
 0002:00000088       __imp_GetModuleHandleW     000000018000d088     kernel32:KERNEL32.dll
 0002:00000090       __imp_RtlUnwindEx          000000018000d090     kernel32:KERNEL32.dll
 0002:00000098       __imp_InterlockedFlushSList 000000018000d098     kernel32:KERNEL32.dll
 0002:000000a0       __imp_GetLastError         000000018000d0a0     kernel32:KERNEL32.dll
 0002:000000a8       __imp_SetLastError         000000018000d0a8     kernel32:KERNEL32.dll
 0002:000000b0       __imp_EnterCriticalSection 000000018000d0b0     kernel32:KERNEL32.dll
 0002:000000b8       __imp_LeaveCriticalSection 000000018000d0b8     kernel32:KERNEL32.dll
 0002:000000c0       __imp_DeleteCriticalSection 000000018000d0c0     kernel32:KERNEL32.dll
 0002:000000c8       __imp_InitializeCriticalSectionAndSpinCount 000000018000d0c8     kernel32:KERNEL32.dll
 0002:000000d0       __imp_TlsAlloc             000000018000d0d0     kernel32:KERNEL32.dll
 0002:000000d8       __imp_TlsGetValue          000000018000d0d8     kernel32:KERNEL32.dll
 0002:000000e0       __imp_TlsSetValue          000000018000d0e0     kernel32:KERNEL32.dll
 0002:000000e8       __imp_TlsFree              000000018000d0e8     kernel32:KERNEL32.dll
 0002:000000f0       __imp_FreeLibrary          000000018000d0f0     kernel32:KERNEL32.dll
 0002:000000f8       __imp_GetProcAddress       000000018000d0f8     kernel32:KERNEL32.dll
 0002:00000100       __imp_LoadLibraryExW       000000018000d100     kernel32:KERNEL32.dll
 0002:00000108       __imp_RaiseException       000000018000d108     kernel32:KERNEL32.dll
 0002:00000110       __imp_ExitProcess          000000018000d110     kernel32:KERNEL32.dll
 0002:00000118       __imp_GetModuleHandleExW   000000018000d118     kernel32:KERNEL32.dll
 0002:00000120       __imp_GetModuleFileNameW   000000018000d120     kernel32:KERNEL32.dll
 0002:00000128       __imp_HeapAlloc            000000018000d128     kernel32:KERNEL32.dll
 0002:00000130       __imp_HeapFree             000000018000d130     kernel32:KERNEL32.dll
 0002:00000138       __imp_FindClose            000000018000d138     kernel32:KERNEL32.dll
 0002:00000140       __imp_FindFirstFileExW     000000018000d140     kernel32:KERNEL32.dll
 0002:00000148       __imp_FindNextFileW        000000018000d148     kernel32:KERNEL32.dll
 0002:00000150       __imp_IsValidCodePage      000000018000d150     kernel32:KERNEL32.dll
 0002:00000158       __imp_GetACP               000000018000d158     kernel32:KERNEL32.dll
 0002:00000160       __imp_GetOEMCP             000000018000d160     kernel32:KERNEL32.dll
 0002:00000168       __imp_GetCPInfo            000000018000d168     kernel32:KERNEL32.dll
 0002:00000170       __imp_GetCommandLineA      000000018000d170     kernel32:KERNEL32.dll
 0002:00000178       __imp_GetCommandLineW      000000018000d178     kernel32:KERNEL32.dll
 0002:00000180       __imp_MultiByteToWideChar  000000018000d180     kernel32:KERNEL32.dll
 0002:00000188       __imp_WideCharToMultiByte  000000018000d188     kernel32:KERNEL32.dll
 0002:00000190       __imp_GetEnvironmentStringsW 000000018000d190     kernel32:KERNEL32.dll
 0002:00000198       __imp_FreeEnvironmentStringsW 000000018000d198     kernel32:KERNEL32.dll
 0002:000001a0       __imp_LCMapStringW         000000018000d1a0     kernel32:KERNEL32.dll
 0002:000001a8       __imp_GetProcessHeap       000000018000d1a8     kernel32:KERNEL32.dll
 0002:000001b0       __imp_GetStdHandle         000000018000d1b0     kernel32:KERNEL32.dll
 0002:000001b8       __imp_GetFileType          000000018000d1b8     kernel32:KERNEL32.dll
 0002:000001c0       __imp_GetStringTypeW       000000018000d1c0     kernel32:KERNEL32.dll
 0002:000001c8       __imp_HeapSize             000000018000d1c8     kernel32:KERNEL32.dll
 0002:000001d0       __imp_HeapReAlloc          000000018000d1d0     kernel32:KERNEL32.dll
 0002:000001d8       __imp_SetStdHandle         000000018000d1d8     kernel32:KERNEL32.dll
 0002:000001e0       __imp_FlushFileBuffers     000000018000d1e0     kernel32:KERNEL32.dll
 0002:000001e8       __imp_WriteFile            000000018000d1e8     kernel32:KERNEL32.dll
 0002:000001f0       __imp_GetConsoleCP         000000018000d1f0     kernel32:KERNEL32.dll
 0002:000001f8       __imp_GetConsoleMode       000000018000d1f8     kernel32:KERNEL32.dll
 0002:00000200       __imp_SetFilePointerEx     000000018000d200     kernel32:KERNEL32.dll
 0002:00000208       __imp_CreateFileW          000000018000d208     kernel32:KERNEL32.dll
 0002:00000210       __imp_CloseHandle          000000018000d210     kernel32:KERNEL32.dll
 0002:00000218       __imp_WriteConsoleW        000000018000d218     kernel32:KERNEL32.dll
 0002:00000220       __imp_GetSystemInfo        000000018000d220     kernel32:KERNEL32.dll
 0002:00000228       __imp_VirtualProtect       000000018000d228     kernel32:KERNEL32.dll
 0002:00000230       __imp_VirtualQuery         000000018000d230     kernel32:KERNEL32.dll
 0002:00000238       \177KERNEL32_NULL_THUNK_DATA 000000018000d238     kernel32:KERNEL32.dll
 0002:00000240       __guard_check_icall_fptr   000000018000d240     LIBCMT:guard_support.obj
 0002:00000248       __guard_dispatch_icall_fptr 000000018000d248     LIBCMT:guard_support.obj
 0002:00000250       __xc_a                     000000018000d250     LIBCMT:initializers.obj
 0002:00000258       _register_addon_           000000018000d258     addon.obj
 0002:00000260       __xc_z                     000000018000d260     LIBCMT:initializers.obj
 0002:00000268       __xi_a                     000000018000d268     LIBCMT:initializers.obj
 0002:00000270       __acrt_multibyte_initializer 000000018000d270     libucrt:multibyte_initializer.obj
 0002:00000278       __acrt_stdio_initializer   000000018000d278     libucrt:stdio_initializer.obj
 0002:00000280       __acrt_tran_fma3_initializer 000000018000d280     libucrt:fma3_initializer.obj
 0002:00000288       __xi_z                     000000018000d288     LIBCMT:initializers.obj
 0002:00000290       __xp_a                     000000018000d290     LIBCMT:initializers.obj
 0002:00000298       __acrt_locale_terminator   000000018000d298     libucrt:locale_initializer.obj
 0002:000002a0       __dcrt_console_output_terminator 000000018000d2a0     libucrt:console_output_initializer.obj
 0002:000002a8       __acrt_stdio_terminator    000000018000d2a8     libucrt:stdio_initializer.obj
 0002:000002b0       __xp_z                     000000018000d2b0     LIBCMT:initializers.obj
 0002:000002b8       __xt_a                     000000018000d2b8     LIBCMT:initializers.obj
 0002:000002c0       __xt_z                     000000018000d2c0     LIBCMT:initializers.obj
 0002:000002d0       __sz_node_exe              000000018000d2d0     node:node.exe
 0002:000002e0       _pRawDllMain               000000018000d2e0     LIBCMT:dll_dllmain.obj
 0002:000002e0       _pDefaultRawDllMain        000000018000d2e0     LIBCMT:dll_dllmain.obj
 0002:00000300       __xmm@ffffffffffffffffffffffffffffffff 000000018000d300     LIBCMT:utility.obj
 0002:00000310       _pDestructExceptionObject  000000018000d310     libvcruntime:ehhelpers.obj
 0002:00000660       ??_C@_08EHJDFFNH@__based?$CI@ 000000018000d660     libvcruntime:undname.obj
 0002:00000670       ??_C@_07KOLFKCDI@__cdecl@  000000018000d670     libvcruntime:undname.obj
 0002:00000678       ??_C@_08GHMPAG@__pascal@   000000018000d678     libvcruntime:undname.obj
 0002:00000688       ??_C@_09IFJBGAPI@__stdcall@ 000000018000d688     libvcruntime:undname.obj
 0002:00000698       ??_C@_0L@NPHFGOKO@__thiscall@ 000000018000d698     libvcruntime:undname.obj
 0002:000006a8       ??_C@_0L@JMKHOMEK@__fastcall@ 000000018000d6a8     libvcruntime:undname.obj
 0002:000006b8       ??_C@_0N@BCKKPABJ@__vectorcall@ 000000018000d6b8     libvcruntime:undname.obj
 0002:000006c8       ??_C@_09HIJEGCPM@__clrcall@ 000000018000d6c8     libvcruntime:undname.obj
 0002:000006d4       ??_C@_06GHPCKEAG@__eabi@   000000018000d6d4     libvcruntime:undname.obj
 0002:000006e0       ??_C@_09IOPIDJLG@__swift_1@ 000000018000d6e0     libvcruntime:undname.obj
 0002:000006f0       ??_C@_09KFNFGKHF@__swift_2@ 000000018000d6f0     libvcruntime:undname.obj
 0002:00000700       ??_C@_07JOMMBBKO@__ptr64@  000000018000d700     libvcruntime:undname.obj
 0002:00000708       ??_C@_0L@PILCLIHE@__restrict@ 000000018000d708     libvcruntime:undname.obj
 0002:00000718       ??_C@_0M@GFIIJFMG@__unaligned@ 000000018000d718     libvcruntime:undname.obj
 0002:00000728       ??_C@_09DHDLOLLB@restrict?$CI@ 000000018000d728     libvcruntime:undname.obj
 0002:00000732       ??_C@_00CNPNBAHC@@         000000018000d732     libvcruntime:undname.obj
 0002:00000734       ??_C@_04NIHEBCM@?5new@     000000018000d734     libvcruntime:undname.obj
 0002:00000740       ??_C@_07FPCDHGMM@?5delete@ 000000018000d740     libvcruntime:undname.obj
 0002:00000748       ??_C@_01NEMOKFLO@?$DN@     000000018000d748     libvcruntime:undname.obj
 0002:0000074c       ??_C@_02GPIOPFAK@?$DO?$DO@ 000000018000d74c     libvcruntime:undname.obj
 0002:00000750       ??_C@_02FODMEDOG@?$DM?$DM@ 000000018000d750     libvcruntime:undname.obj
 0002:00000754       ??_C@_01DCLJPIOD@?$CB@     000000018000d754     libvcruntime:undname.obj
 0002:00000758       ??_C@_02EGOFBIJA@?$DN?$DN@ 000000018000d758     libvcruntime:undname.obj
 0002:0000075c       ??_C@_02FDNJECIE@?$CB?$DN@ 000000018000d75c     libvcruntime:undname.obj
 0002:00000760       ??_C@_02GPECMEKF@?$FL?$FN@ 000000018000d760     libvcruntime:undname.obj
 0002:00000768       ??_C@_08LHJFAFGD@operator@ 000000018000d768     libvcruntime:undname.obj
 0002:00000774       ??_C@_02HBOOOICD@?9?$DO@   000000018000d774     libvcruntime:undname.obj
 0002:00000778       ??_C@_01NBENCBCI@?$CK@     000000018000d778     libvcruntime:undname.obj
 0002:0000077c       ??_C@_02ECNGHCIF@?$CL?$CL@ 000000018000d77c     libvcruntime:undname.obj
 0002:00000780       ??_C@_02BAABKJLB@?9?9@     000000018000d780     libvcruntime:undname.obj
 0002:00000784       ??_C@_01JOAMLHOP@?9@       000000018000d784     libvcruntime:undname.obj
 0002:00000788       ??_C@_01MIFGBAGJ@?$CL@     000000018000d788     libvcruntime:undname.obj
 0002:0000078c       ??_C@_01HNPIGOCE@?$CG@     000000018000d78c     libvcruntime:undname.obj
 0002:00000790       ??_C@_03MNHNFDLC@?9?$DO?$CK@ 000000018000d790     libvcruntime:undname.obj
 0002:00000794       ??_C@_01KMDKNFGN@?1@       000000018000d794     libvcruntime:undname.obj
 0002:00000798       ??_C@_01FGNFDNOH@?$CF@     000000018000d798     libvcruntime:undname.obj
 0002:0000079c       ??_C@_01MNNFJEPP@?$DM@     000000018000d79c     libvcruntime:undname.obj
 0002:000007a0       ??_C@_02EHCHHCKH@?$DM?$DN@ 000000018000d7a0     libvcruntime:undname.obj
 0002:000007a4       ??_C@_01PPODPGHN@?$DO@     000000018000d7a4     libvcruntime:undname.obj
 0002:000007a8       ??_C@_02EEKDKGMJ@?$DO?$DN@ 000000018000d7a8     libvcruntime:undname.obj
 0002:000007ac       ??_C@_01IHBHIGKO@?0@       000000018000d7ac     libvcruntime:undname.obj
 0002:000007b0       ??_C@_02HCKGKOFO@?$CI?$CJ@ 000000018000d7b0     libvcruntime:undname.obj
 0002:000007b4       ??_C@_01PJKLJHI@?$HO@      000000018000d7b4     libvcruntime:undname.obj
 0002:000007b8       ??_C@_01JKBOJNNK@?$FO@     000000018000d7b8     libvcruntime:undname.obj
 0002:000007bc       ??_C@_01DNKMNLPK@?$HM@     000000018000d7bc     libvcruntime:undname.obj
 0002:000007c0       ??_C@_02PPKAJPJL@?$CG?$CG@ 000000018000d7c0     libvcruntime:undname.obj
 0002:000007c4       ??_C@_02NONPIBCD@?$HM?$HM@ 000000018000d7c4     libvcruntime:undname.obj
 0002:000007c8       ??_C@_02FPIMKNGF@?$CK?$DN@ 000000018000d7c8     libvcruntime:undname.obj
 0002:000007cc       ??_C@_02FOEOMHFC@?$CL?$DN@ 000000018000d7cc     libvcruntime:undname.obj
 0002:000007d0       ??_C@_02FKMDLLOA@?9?$DN@   000000018000d7d0     libvcruntime:undname.obj
 0002:000007d4       ??_C@_02FJEHGPIO@?1?$DN@   000000018000d7d4     libvcruntime:undname.obj
 0002:000007d8       ??_C@_02FENAOKFI@?$CF?$DN@ 000000018000d7d8     libvcruntime:undname.obj
 0002:000007dc       ??_C@_03IKFCCPFF@?$DO?$DO?$DN@ 000000018000d7dc     libvcruntime:undname.obj
 0002:000007e0       ??_C@_03CDNPDDLA@?$DM?$DM?$DN@ 000000018000d7e0     libvcruntime:undname.obj
 0002:000007e4       ??_C@_02FGJGFEAB@?$CG?$DN@ 000000018000d7e4     libvcruntime:undname.obj
 0002:000007e8       ??_C@_02DHLNPPGH@?$HM?$DN@ 000000018000d7e8     libvcruntime:undname.obj
 0002:000007ec       ??_C@_02MHEGNOJ@?$FO?$DN@  000000018000d7ec     libvcruntime:undname.obj
 0002:000007f0       ??_C@_09IFPLHPGF@?$GAvftable?8@ 000000018000d7f0     libvcruntime:undname.obj
 0002:00000800       ??_C@_09BLBHBJP@?$GAvbtable?8@ 000000018000d800     libvcruntime:undname.obj
 0002:00000810       ??_C@_07FEEIOKP@?$GAvcall?8@ 000000018000d810     libvcruntime:undname.obj
 0002:00000818       ??_C@_08LLFFHHDJ@?$GAtypeof?8@ 000000018000d818     libvcruntime:undname.obj
 0002:00000828       ??_C@_0BF@KDPPACIK@?$GAlocal?5static?5guard?8@ 000000018000d828     libvcruntime:undname.obj
 0002:00000840       ??_C@_08OBABFOLI@?$GAstring?8@ 000000018000d840     libvcruntime:undname.obj
 0002:00000850       ??_C@_0BD@JDLKDPAB@?$GAvbase?5destructor?8@ 000000018000d850     libvcruntime:undname.obj
 0002:00000868       ??_C@_0BN@DEGPLNFK@?$GAvector?5deleting?5destructor?8@ 000000018000d868     libvcruntime:undname.obj
 0002:00000888       ??_C@_0BO@OBMKPJIG@?$GAdefault?5constructor?5closure?8@ 000000018000d888     libvcruntime:undname.obj
 0002:000008a8       ??_C@_0BN@IMDCHIKM@?$GAscalar?5deleting?5destructor?8@ 000000018000d8a8     libvcruntime:undname.obj
 0002:000008c8       ??_C@_0BO@PFGOCPJJ@?$GAvector?5constructor?5iterator?8@ 000000018000d8c8     libvcruntime:undname.obj
 0002:000008e8       ??_C@_0BN@LFPFMEDL@?$GAvector?5destructor?5iterator?8@ 000000018000d8e8     libvcruntime:undname.obj
 0002:00000908       ??_C@_0CE@IKBNEHA@?$GAvector?5vbase?5constructor?5itera@ 000000018000d908     libvcruntime:undname.obj
 0002:00000930       ??_C@_0BL@NILFHHPC@?$GAvirtual?5displacement?5map?8@ 000000018000d930     libvcruntime:undname.obj
 0002:00000950       ??_C@_0CB@JONCMFFK@?$GAeh?5vector?5constructor?5iterator@ 000000018000d950     libvcruntime:undname.obj
 0002:00000978       ??_C@_0CA@GCEOPDGL@?$GAeh?5vector?5destructor?5iterator?8@ 000000018000d978     libvcruntime:undname.obj
 0002:00000998       ??_C@_0CH@OOJPLCPH@?$GAeh?5vector?5vbase?5constructor?5it@ 000000018000d998     libvcruntime:undname.obj
 0002:000009c0       ??_C@_0BL@LLKPOHJI@?$GAcopy?5constructor?5closure?8@ 000000018000d9c0     libvcruntime:undname.obj
 0002:000009e0       ??_C@_0BA@KBCDOMBN@?$GAudt?5returning?8@ 000000018000d9e0     libvcruntime:undname.obj
 0002:000009f0       ??_C@_03KLGMFNMG@?$GAEH@   000000018000d9f0     libvcruntime:undname.obj
 0002:000009f4       ??_C@_05KHLCHHI@?$GARTTI@  000000018000d9f4     libvcruntime:undname.obj
 0002:00000a00       ??_C@_0BA@KKLDJDLB@?$GAlocal?5vftable?8@ 000000018000da00     libvcruntime:undname.obj
 0002:00000a10       ??_C@_0CE@IIHCMGGL@?$GAlocal?5vftable?5constructor?5clos@ 000000018000da10     libvcruntime:undname.obj
 0002:00000a34       ??_C@_06FHBGPFGH@?5new?$FL?$FN@ 000000018000da34     libvcruntime:undname.obj
 0002:00000a40       ??_C@_09LBNFPBCA@?5delete?$FL?$FN@ 000000018000da40     libvcruntime:undname.obj
 0002:00000a50       ??_C@_0P@HJKNJFNN@?$GAomni?5callsig?8@ 000000018000da50     libvcruntime:undname.obj
 0002:00000a60       ??_C@_0BL@CNOONJFP@?$GAplacement?5delete?5closure?8@ 000000018000da60     libvcruntime:undname.obj
 0002:00000a80       ??_C@_0BN@CKNJLHMB@?$GAplacement?5delete?$FL?$FN?5closure?8@ 000000018000da80     libvcruntime:undname.obj
 0002:00000aa0       ??_C@_0CG@CFDHKGGD@?$GAmanaged?5vector?5constructor?5ite@ 000000018000daa0     libvcruntime:undname.obj
 0002:00000ac8       ??_C@_0CF@IMGKMJNO@?$GAmanaged?5vector?5destructor?5iter@ 000000018000dac8     libvcruntime:undname.obj
 0002:00000af0       ??_C@_0CG@HLDDJMAG@?$GAeh?5vector?5copy?5constructor?5ite@ 000000018000daf0     libvcruntime:undname.obj
 0002:00000b18       ??_C@_0CM@FCBBDIGB@?$GAeh?5vector?5vbase?5copy?5construct@ 000000018000db18     libvcruntime:undname.obj
 0002:00000b48       ??_C@_0BL@CLIPGLGB@?$GAdynamic?5initializer?5for?5?8@ 000000018000db48     libvcruntime:undname.obj
 0002:00000b68       ??_C@_0CB@PDBIFEP@?$GAdynamic?5atexit?5destructor?5for?5@ 000000018000db68     libvcruntime:undname.obj
 0002:00000b90       ??_C@_0CD@CGAJBKEJ@?$GAvector?5copy?5constructor?5iterat@ 000000018000db90     libvcruntime:undname.obj
 0002:00000bb8       ??_C@_0CJ@GJELGAMM@?$GAvector?5vbase?5copy?5constructor?5@ 000000018000dbb8     libvcruntime:undname.obj
 0002:00000be8       ??_C@_0CL@FGIJHLCE@?$GAmanaged?5vector?5copy?5constructo@ 000000018000dbe8     libvcruntime:undname.obj
 0002:00000c18       ??_C@_0BM@PMGGMLDN@?$GAlocal?5static?5thread?5guard?8@ 000000018000dc18     libvcruntime:undname.obj
 0002:00000c38       ??_C@_0N@BDNMDMOL@operator?5?$CC?$CC?5@ 000000018000dc38     libvcruntime:undname.obj
 0002:00000c48       ??_C@_0BC@GGEBGALA@operator?5co_await@ 000000018000dc48     libvcruntime:undname.obj
 0002:00000c60       ??_C@_0M@GAAIMMOH@operator?$DM?$DN?$DO@ 000000018000dc60     libvcruntime:undname.obj
 0002:00000c70       ??_C@_0BC@DAFEJGAK@?5Type?5Descriptor?8@ 000000018000dc70     libvcruntime:undname.obj
 0002:00000c88       ??_C@_0BM@LDKODKLH@?5Base?5Class?5Descriptor?5at?5?$CI@ 000000018000dc88     libvcruntime:undname.obj
 0002:00000ca8       ??_C@_0BD@LGICGFMM@?5Base?5Class?5Array?8@ 000000018000dca8     libvcruntime:undname.obj
 0002:00000cc0       ??_C@_0BN@MECKDCOJ@?5Class?5Hierarchy?5Descriptor?8@ 000000018000dcc0     libvcruntime:undname.obj
 0002:00000ce0       ??_C@_0BK@CFCOFLF@?5Complete?5Object?5Locator?8@ 000000018000dce0     libvcruntime:undname.obj
 0002:00000d18       ??_C@_1DM@KHCHBNEB@?$AAa?$AAp?$AAi?$AA?9?$AAm?$AAs?$AA?9?$AAw?$AAi?$AAn?$AA?9?$AAc?$AAo?$AAr?$AAe@ 000000018000dd18     libvcruntime:winapi_downlevel.obj
 0002:00000d58       ??_C@_1DK@LPPGFMPP@?$AAa?$AAp?$AAi?$AA?9?$AAm?$AAs?$AA?9?$AAw?$AAi?$AAn?$AA?9?$AAc?$AAo?$AAr?$AAe@ 000000018000dd58     libvcruntime:winapi_downlevel.obj
 0002:00000d98       ??_C@_1BC@GDMECMAK@?$AAk?$AAe?$AAr?$AAn?$AAe?$AAl?$AA3?$AA2@ 000000018000dd98     libvcruntime:winapi_downlevel.obj
 0002:00000db0       ??_C@_1BA@PFFKHIOG@?$AAa?$AAp?$AAi?$AA?9?$AAm?$AAs?$AA?9@ 000000018000ddb0     libvcruntime:winapi_downlevel.obj
 0002:00000dc8       ??_C@_08KNHFBNJ@FlsAlloc@  000000018000ddc8     libvcruntime:winapi_downlevel.obj
 0002:00000de0       ??_C@_07PEJMOBNF@FlsFree@  000000018000dde0     libvcruntime:winapi_downlevel.obj
 0002:00000df0       ??_C@_0M@GDNOONDI@FlsGetValue@ 000000018000ddf0     libvcruntime:winapi_downlevel.obj
 0002:00000e08       ??_C@_0M@JCPCPOEF@FlsSetValue@ 000000018000de08     libvcruntime:winapi_downlevel.obj
 0002:00000e20       ??_C@_0BM@HCFOFFN@InitializeCriticalSectionEx@ 000000018000de20     libvcruntime:winapi_downlevel.obj
 0002:00000e40       __acrt_exception_action_table 000000018000de40     libucrt:exception_filter.obj
 0002:00000f00       __acrt_signal_action_table_count 000000018000df00     libucrt:exception_filter.obj
 0002:00000f08       __acrt_signal_action_first_fpe_index 000000018000df08     libucrt:exception_filter.obj
 0002:00000f10       __acrt_signal_action_fpe_count 000000018000df10     libucrt:exception_filter.obj
 0002:00000f18       ??_C@_1BI@BGOHAHKC@?$AAm?$AAs?$AAc?$AAo?$AAr?$AAe?$AAe?$AA?4?$AAd?$AAl?$AAl@ 000000018000df18     libucrt:exit.obj
 0002:00000f30       ??_C@_0P@MIGLKIOC@CorExitProcess@ 000000018000df30     libucrt:exit.obj
 0002:000011b0       __lc_time_c                000000018000e1b0     libucrt:nlsdata.obj
 0002:00001470       ??_C@_03KOEHGMDN@Sun@      000000018000e470     libucrt:nlsdata.obj
 0002:00001474       ??_C@_03PDAGKDH@Mon@       000000018000e474     libucrt:nlsdata.obj
 0002:00001478       ??_C@_03NAGEINEP@Tue@      000000018000e478     libucrt:nlsdata.obj
 0002:0000147c       ??_C@_03MHOMLAJA@Wed@      000000018000e47c     libucrt:nlsdata.obj
 0002:00001480       ??_C@_03IOFIKPDN@Thu@      000000018000e480     libucrt:nlsdata.obj
 0002:00001484       ??_C@_03IDIOELNC@Fri@      000000018000e484     libucrt:nlsdata.obj
 0002:00001488       ??_C@_03FEFJNEK@Sat@       000000018000e488     libucrt:nlsdata.obj
 0002:0000148c       ??_C@_06OOPIFAJ@Sunday@    000000018000e48c     libucrt:nlsdata.obj
 0002:00001494       ??_C@_06JLEDEDGH@Monday@   000000018000e494     libucrt:nlsdata.obj
 0002:000014a0       ??_C@_07BAAGCFCM@Tuesday@  000000018000e4a0     libucrt:nlsdata.obj
 0002:000014a8       ??_C@_09DLIGFAKA@Wednesday@ 000000018000e4a8     libucrt:nlsdata.obj
 0002:000014b8       ??_C@_08HACCIKIA@Thursday@ 000000018000e4b8     libucrt:nlsdata.obj
 0002:000014c4       ??_C@_06JECMNKMI@Friday@   000000018000e4c4     libucrt:nlsdata.obj
 0002:000014d0       ??_C@_08INBOOONO@Saturday@ 000000018000e4d0     libucrt:nlsdata.obj
 0002:000014dc       ??_C@_03JIHJHPIE@Jan@      000000018000e4dc     libucrt:nlsdata.obj
 0002:000014e0       ??_C@_03HJBDCHOM@Feb@      000000018000e4e0     libucrt:nlsdata.obj
 0002:000014e4       ??_C@_03ODNJBKGA@Mar@      000000018000e4e4     libucrt:nlsdata.obj
 0002:000014e8       ??_C@_03LEOLGMJP@Apr@      000000018000e4e8     libucrt:nlsdata.obj
 0002:000014ec       ??_C@_03CNMDKL@May@        000000018000e4ec     libucrt:nlsdata.obj
 0002:000014f0       ??_C@_03IDFGHECI@Jun@      000000018000e4f0     libucrt:nlsdata.obj
 0002:000014f4       ??_C@_03LBGABGKK@Jul@      000000018000e4f4     libucrt:nlsdata.obj
 0002:000014f8       ??_C@_03IFJFEIGA@Aug@      000000018000e4f8     libucrt:nlsdata.obj
 0002:000014fc       ??_C@_03GGCAPAJC@Sep@      000000018000e4fc     libucrt:nlsdata.obj
 0002:00001500       ??_C@_03BMAOKBAD@Oct@      000000018000e500     libucrt:nlsdata.obj
 0002:00001504       ??_C@_03JPJOFNIA@Nov@      000000018000e504     libucrt:nlsdata.obj
 0002:00001508       ??_C@_03MKABNOCG@Dec@      000000018000e508     libucrt:nlsdata.obj
 0002:00001510       ??_C@_07CGJPFGJA@January@  000000018000e510     libucrt:nlsdata.obj
 0002:00001518       ??_C@_08GNJGEPFN@February@ 000000018000e518     libucrt:nlsdata.obj
 0002:00001524       ??_C@_05HPCKOFNC@March@    000000018000e524     libucrt:nlsdata.obj
 0002:0000152c       ??_C@_05DMJDNLEJ@April@    000000018000e52c     libucrt:nlsdata.obj
 0002:00001534       ??_C@_04CNLMGBGM@June@     000000018000e534     libucrt:nlsdata.obj
 0002:0000153c       ??_C@_04MIEPOIFP@July@     000000018000e53c     libucrt:nlsdata.obj
 0002:00001544       ??_C@_06LBBHFDDG@August@   000000018000e544     libucrt:nlsdata.obj
 0002:00001550       ??_C@_09BHHEALKD@September@ 000000018000e550     libucrt:nlsdata.obj
 0002:00001560       ??_C@_07JJNFCEND@October@  000000018000e560     libucrt:nlsdata.obj
 0002:00001568       ??_C@_08HCHEGEOA@November@ 000000018000e568     libucrt:nlsdata.obj
 0002:00001578       ??_C@_08EDHMEBNP@December@ 000000018000e578     libucrt:nlsdata.obj
 0002:00001584       ??_C@_02DEDBPAFC@AM@       000000018000e584     libucrt:nlsdata.obj
 0002:00001588       ??_C@_02CJNFDJBF@PM@       000000018000e588     libucrt:nlsdata.obj
 0002:00001590       ??_C@_08BPBNCDIB@MM?1dd?1yy@ 000000018000e590     libucrt:nlsdata.obj
 0002:000015a0       ??_C@_0BE@CKGJFCPC@dddd?0?5MMMM?5dd?0?5yyyy@ 000000018000e5a0     libucrt:nlsdata.obj
 0002:000015b8       ??_C@_08JCCMCCIL@HH?3mm?3ss@ 000000018000e5b8     libucrt:nlsdata.obj
 0002:000015c8       ??_C@_17MBGCMIPB@?$AAS?$AAu?$AAn@ 000000018000e5c8     libucrt:nlsdata.obj
 0002:000015d0       ??_C@_17KBOMKBF@?$AAM?$AAo?$AAn@ 000000018000e5d0     libucrt:nlsdata.obj
 0002:000015d8       ??_C@_17BMKGEGOJ@?$AAT?$AAu?$AAe@ 000000018000e5d8     libucrt:nlsdata.obj
 0002:000015e0       ??_C@_17CJEDCEPE@?$AAW?$AAe?$AAd@ 000000018000e5e0     libucrt:nlsdata.obj
 0002:000015e8       ??_C@_17PDPHAADD@?$AAT?$AAh?$AAu@ 000000018000e5e8     libucrt:nlsdata.obj
 0002:000015f0       ??_C@_17HFOLPPLP@?$AAF?$AAr?$AAi@ 000000018000e5f0     libucrt:nlsdata.obj
 0002:000015f8       ??_C@_17GGIBDPIH@?$AAS?$AAa?$AAt@ 000000018000e5f8     libucrt:nlsdata.obj
 0002:00001600       ??_C@_1O@IHNHDHPB@?$AAS?$AAu?$AAn?$AAd?$AAa?$AAy@ 000000018000e600     libucrt:nlsdata.obj
 0002:00001610       ??_C@_1O@MMNBFLIA@?$AAM?$AAo?$AAn?$AAd?$AAa?$AAy@ 000000018000e610     libucrt:nlsdata.obj
 0002:00001620       ??_C@_1BA@ENFBFFEK@?$AAT?$AAu?$AAe?$AAs?$AAd?$AAa?$AAy@ 000000018000e620     libucrt:nlsdata.obj
 0002:00001630       ??_C@_1BE@EBOGMDOH@?$AAW?$AAe?$AAd?$AAn?$AAe?$AAs?$AAd?$AAa?$AAy@ 000000018000e630     libucrt:nlsdata.obj
 0002:00001648       ??_C@_1BC@HHMNLIHE@?$AAT?$AAh?$AAu?$AAr?$AAs?$AAd?$AAa?$AAy@ 000000018000e648     libucrt:nlsdata.obj
 0002:00001660       ??_C@_1O@PDICJHAG@?$AAF?$AAr?$AAi?$AAd?$AAa?$AAy@ 000000018000e660     libucrt:nlsdata.obj
 0002:00001670       ??_C@_1BC@ENMNNPAJ@?$AAS?$AAa?$AAt?$AAu?$AAr?$AAd?$AAa?$AAy@ 000000018000e670     libucrt:nlsdata.obj
 0002:00001688       ??_C@_17DKNBKCHM@?$AAJ?$AAa?$AAn@ 000000018000e688     libucrt:nlsdata.obj
 0002:00001690       ??_C@_17LMDJEKJN@?$AAF?$AAe?$AAb@ 000000018000e690     libucrt:nlsdata.obj
 0002:00001698       ??_C@_17CKNLEDEC@?$AAM?$AAa?$AAr@ 000000018000e698     libucrt:nlsdata.obj
 0002:000016a0       ??_C@_17LFPOIHDD@?$AAA?$AAp?$AAr@ 000000018000e6a0     libucrt:nlsdata.obj
 0002:000016a8       ??_C@_17PNNKMEED@?$AAM?$AAa?$AAy@ 000000018000e6a8     libucrt:nlsdata.obj
 0002:000016b0       ??_C@_17KCJGOCPB@?$AAJ?$AAu?$AAn@ 000000018000e6b0     libucrt:nlsdata.obj
 0002:000016b8       ??_C@_17IJPCKHK@?$AAJ?$AAu?$AAl@ 000000018000e6b8     libucrt:nlsdata.obj
 0002:000016c0       ??_C@_17ICPELBCN@?$AAA?$AAu?$AAg@ 000000018000e6c0     libucrt:nlsdata.obj
 0002:000016c8       ??_C@_17HCHCOKMG@?$AAS?$AAe?$AAp@ 000000018000e6c8     libucrt:nlsdata.obj
 0002:000016d0       ??_C@_17FNLKOI@?$AAO?$AAc?$AAt@ 000000018000e6d0     libucrt:nlsdata.obj
 0002:000016d8       ??_C@_17BBDMLCIG@?$AAN?$AAo?$AAv@ 000000018000e6d8     libucrt:nlsdata.obj
 0002:000016e0       ??_C@_17EGKACKIF@?$AAD?$AAe?$AAc@ 000000018000e6e0     libucrt:nlsdata.obj
 0002:000016e8       ??_C@_1BA@EFMEIEBA@?$AAJ?$AAa?$AAn?$AAu?$AAa?$AAr?$AAy@ 000000018000e6e8     libucrt:nlsdata.obj
 0002:000016f8       ??_C@_1BC@JGDDFFAM@?$AAF?$AAe?$AAb?$AAr?$AAu?$AAa?$AAr?$AAy@ 000000018000e6f8     libucrt:nlsdata.obj
 0002:00001710       ??_C@_1M@IKEENEDF@?$AAM?$AAa?$AAr?$AAc?$AAh@ 000000018000e710     libucrt:nlsdata.obj
 0002:00001720       ??_C@_1M@GJNLMHFD@?$AAA?$AAp?$AAr?$AAi?$AAl@ 000000018000e720     libucrt:nlsdata.obj
 0002:00001730       ??_C@_19EPFLPGAP@?$AAJ?$AAu?$AAn?$AAe@ 000000018000e730     libucrt:nlsdata.obj
 0002:00001740       ??_C@_19BIFMLPCD@?$AAJ?$AAu?$AAl?$AAy@ 000000018000e740     libucrt:nlsdata.obj
 0002:00001750       ??_C@_1O@PAHLKOAC@?$AAA?$AAu?$AAg?$AAu?$AAs?$AAt@ 000000018000e750     libucrt:nlsdata.obj
 0002:00001760       ??_C@_1BE@DKAAMBJL@?$AAS?$AAe?$AAp?$AAt?$AAe?$AAm?$AAb?$AAe?$AAr@ 000000018000e760     libucrt:nlsdata.obj
 0002:00001778       ??_C@_1BA@EPANDLNG@?$AAO?$AAc?$AAt?$AAo?$AAb?$AAe?$AAr@ 000000018000e778     libucrt:nlsdata.obj
 0002:00001788       ??_C@_1BC@BGLIFPF@?$AAN?$AAo?$AAv?$AAe?$AAm?$AAb?$AAe?$AAr@ 000000018000e788     libucrt:nlsdata.obj
 0002:000017a0       ??_C@_1BC@FEMKIFH@?$AAD?$AAe?$AAc?$AAe?$AAm?$AAb?$AAe?$AAr@ 000000018000e7a0     libucrt:nlsdata.obj
 0002:000017b4       ??_C@_15ODEHAHHF@?$AAA?$AAM@ 000000018000e7b4     libucrt:nlsdata.obj
 0002:000017bc       ??_C@_15CLMNNGEL@?$AAP?$AAM@ 000000018000e7bc     libucrt:nlsdata.obj
 0002:000017c8       ??_C@_1BC@IEBCMHCM@?$AAM?$AAM?$AA?1?$AAd?$AAd?$AA?1?$AAy?$AAy@ 000000018000e7c8     libucrt:nlsdata.obj
 0002:000017e0       ??_C@_1CI@KNAKOEBC@?$AAd?$AAd?$AAd?$AAd?$AA?0?$AA?5?$AAM?$AAM?$AAM?$AAM?$AA?5?$AAd?$AAd?$AA?0?$AA?5@ 000000018000e7e0     libucrt:nlsdata.obj
 0002:00001808       ??_C@_1BC@GDGBMEMK@?$AAH?$AAH?$AA?3?$AAm?$AAm?$AA?3?$AAs?$AAs@ 000000018000e808     libucrt:nlsdata.obj
 0002:00001820       ??_C@_1M@BMHNFIME@?$AAe?$AAn?$AA?9?$AAU?$AAS@ 000000018000e820     libucrt:nlsdata.obj
 0002:00001850       ??_C@_1M@HPNHIDJI@?$AAj?$AAa?$AA?9?$AAJ?$AAP@ 000000018000e850     libucrt:mbctype.obj
 0002:00001860       ??_C@_1M@BIBDDEMK@?$AAz?$AAh?$AA?9?$AAC?$AAN@ 000000018000e860     libucrt:mbctype.obj
 0002:00001870       ??_C@_1M@JLOOOEGK@?$AAk?$AAo?$AA?9?$AAK?$AAR@ 000000018000e870     libucrt:mbctype.obj
 0002:00001880       ??_C@_1M@CLNBBOPM@?$AAz?$AAh?$AA?9?$AAT?$AAW@ 000000018000e880     libucrt:mbctype.obj
 0002:00001930       ??_C@_1EA@JGEFHKEI@?$AAa?$AAp?$AAi?$AA?9?$AAm?$AAs?$AA?9?$AAw?$AAi?$AAn?$AA?9?$AAc?$AAo?$AAr?$AAe@ 000000018000e930     libucrt:winapi_thunks.obj
 0002:00001970       ??_C@_1DI@IJCEHOCB@?$AAa?$AAp?$AAi?$AA?9?$AAm?$AAs?$AA?9?$AAw?$AAi?$AAn?$AA?9?$AAc?$AAo?$AAr?$AAe@ 000000018000e970     libucrt:winapi_thunks.obj
 0002:000019b0       ??_C@_1EI@MPIAOHOC@?$AAa?$AAp?$AAi?$AA?9?$AAm?$AAs?$AA?9?$AAw?$AAi?$AAn?$AA?9?$AAc?$AAo?$AAr?$AAe@ 000000018000e9b0     libucrt:winapi_thunks.obj
 0002:00001a00       ??_C@_1FK@FPHCKFIE@?$AAa?$AAp?$AAi?$AA?9?$AAm?$AAs?$AA?9?$AAw?$AAi?$AAn?$AA?9?$AAc?$AAo?$AAr?$AAe@ 000000018000ea00     libucrt:winapi_thunks.obj
 0002:00001a60       ??_C@_1EM@DILCGIIO@?$AAa?$AAp?$AAi?$AA?9?$AAm?$AAs?$AA?9?$AAw?$AAi?$AAn?$AA?9?$AAc?$AAo?$AAr?$AAe@ 000000018000ea60     libucrt:winapi_thunks.obj
 0002:00001ab0       ??_C@_1DM@LNCGDDPN@?$AAa?$AAp?$AAi?$AA?9?$AAm?$AAs?$AA?9?$AAw?$AAi?$AAn?$AA?9?$AAc?$AAo?$AAr?$AAe@ 000000018000eab0     libucrt:winapi_thunks.obj
 0002:00001af0       ??_C@_1DO@FPAPJEMD@?$AAa?$AAp?$AAi?$AA?9?$AAm?$AAs?$AA?9?$AAw?$AAi?$AAn?$AA?9?$AAc?$AAo?$AAr?$AAe@ 000000018000eaf0     libucrt:winapi_thunks.obj
 0002:00001b30       ??_C@_1DK@NDHNAHIO@?$AAa?$AAp?$AAi?$AA?9?$AAm?$AAs?$AA?9?$AAw?$AAi?$AAn?$AA?9?$AAc?$AAo?$AAr?$AAe@ 000000018000eb30     libucrt:winapi_thunks.obj
 0002:00001b70       ??_C@_1DM@KGHDGBCM@?$AAa?$AAp?$AAi?$AA?9?$AAm?$AAs?$AA?9?$AAw?$AAi?$AAn?$AA?9?$AAc?$AAo?$AAr?$AAe@ 000000018000eb70     libucrt:winapi_thunks.obj
 0002:00001bb0       ??_C@_1EO@IJIOEFOH@?$AAa?$AAp?$AAi?$AA?9?$AAm?$AAs?$AA?9?$AAw?$AAi?$AAn?$AA?9?$AAr?$AAt?$AAc?$AAo@ 000000018000ebb0     libucrt:winapi_thunks.obj
 0002:00001c00       ??_C@_1FG@HHGEKANL@?$AAa?$AAp?$AAi?$AA?9?$AAm?$AAs?$AA?9?$AAw?$AAi?$AAn?$AA?9?$AAs?$AAe?$AAc?$AAu@ 000000018000ec00     libucrt:winapi_thunks.obj
 0002:00001c60       ??_C@_1EG@DBIOJECG@?$AAe?$AAx?$AAt?$AA?9?$AAm?$AAs?$AA?9?$AAw?$AAi?$AAn?$AA?9?$AAn?$AAt?$AAu?$AAs@ 000000018000ec60     libucrt:winapi_thunks.obj
 0002:00001cb0       ??_C@_1EO@FIHMJCLF@?$AAe?$AAx?$AAt?$AA?9?$AAm?$AAs?$AA?9?$AAw?$AAi?$AAn?$AA?9?$AAn?$AAt?$AAu?$AAs@ 000000018000ecb0     libucrt:winapi_thunks.obj
 0002:00001d00       ??_C@_1BC@DNHGCMLG@?$AAa?$AAd?$AAv?$AAa?$AAp?$AAi?$AA3?$AA2@ 000000018000ed00     libucrt:winapi_thunks.obj
 0002:00001d18       ??_C@_1M@OAIMIKLP@?$AAn?$AAt?$AAd?$AAl?$AAl@ 000000018000ed18     libucrt:winapi_thunks.obj
 0002:00001d30       ??_C@_1EG@DPGNFKGC@?$AAa?$AAp?$AAi?$AA?9?$AAm?$AAs?$AA?9?$AAw?$AAi?$AAn?$AA?9?$AAa?$AAp?$AAp?$AAm@ 000000018000ed30     libucrt:winapi_thunks.obj
 0002:00001d78       ??_C@_1O@BCCLBEOE@?$AAu?$AAs?$AAe?$AAr?$AA3?$AA2@ 000000018000ed78     libucrt:winapi_thunks.obj
 0002:00001d88       ??_C@_1BA@IAIFMGEF@?$AAe?$AAx?$AAt?$AA?9?$AAm?$AAs?$AA?9@ 000000018000ed88     libucrt:winapi_thunks.obj
 0002:00001da0       ??_C@_0BA@FHFNEAED@AreFileApisANSI@ 000000018000eda0     libucrt:winapi_thunks.obj
 0002:00001de0       ??_C@_0O@KKBNKAPF@LCMapStringEx@ 000000018000ede0     libucrt:winapi_thunks.obj
 0002:00001df8       ??_C@_0BB@HBDEELFH@LocaleNameToLCID@ 000000018000edf8     libucrt:winapi_thunks.obj
 0002:00001e10       ??_C@_0CF@OJOFEIGO@AppPolicyGetProcessTerminationM@ 000000018000ee10     libucrt:winapi_thunks.obj
 0002:00001e40       __newctype                 000000018000ee40     libucrt:ctype.obj
 0002:00002140       __newclmap                 000000018000f140     libucrt:ctype.obj
 0002:000022c0       __newcumap                 000000018000f2c0     libucrt:ctype.obj
 0002:00002440       ??_C@_15PJPFLCCM@?$AAu?$AAk@ 000000018000f440     libucrt:get_qualified_locale.obj
 0002:00003290       ??_C@_15EMKDOKLE@?$AAa?$AAr@ 0000000180010290     libucrt:lcidtoname_downlevel.obj
 0002:00003298       ??_C@_15KNPADPLH@?$AAb?$AAg@ 0000000180010298     libucrt:lcidtoname_downlevel.obj
 0002:000032a0       ??_C@_15EDMHLDMO@?$AAc?$AAa@ 00000001800102a0     libucrt:lcidtoname_downlevel.obj
 0002:000032a8       ??_C@_1O@BPEAJADD@?$AAz?$AAh?$AA?9?$AAC?$AAH?$AAS@ 00000001800102a8     libucrt:lcidtoname_downlevel.obj
 0002:000032b8       ??_C@_15LJNHCMNK@?$AAc?$AAs@ 00000001800102b8     libucrt:lcidtoname_downlevel.obj
 0002:000032c0       ??_C@_15FOMCIDHG@?$AAd?$AAa@ 00000001800102c0     libucrt:lcidtoname_downlevel.obj
 0002:000032c8       ??_C@_15NBKABECB@?$AAd?$AAe@ 00000001800102c8     libucrt:lcidtoname_downlevel.obj
 0002:000032d0       ??_C@_15GHPEIIAO@?$AAe?$AAl@ 00000001800102d0     libucrt:lcidtoname_downlevel.obj
 0002:000032d8       ??_C@_15MNPNEAIF@?$AAe?$AAn@ 00000001800102d8     libucrt:lcidtoname_downlevel.obj
 0002:000032e0       ??_C@_15GPIOMPMH@?$AAe?$AAs@ 00000001800102e0     libucrt:lcidtoname_downlevel.obj
 0002:000032e8       ??_C@_15NGLOAKJC@?$AAf?$AAi@ 00000001800102e8     libucrt:lcidtoname_downlevel.obj
 0002:000032f0       ??_C@_15FBKGNKAM@?$AAf?$AAr@ 00000001800102f0     libucrt:lcidtoname_downlevel.obj
 0002:000032f8       ??_C@_15KGGCNEFK@?$AAh?$AAe@ 00000001800102f8     libucrt:lcidtoname_downlevel.obj
 0002:00003300       ??_C@_15PGHLIDMF@?$AAh?$AAu@ 0000000180010300     libucrt:lcidtoname_downlevel.obj
 0002:00003308       ??_C@_15BIEMAPLM@?$AAi?$AAs@ 0000000180010308     libucrt:lcidtoname_downlevel.obj
 0002:00003310       ??_C@_15IFJLDHAF@?$AAi?$AAt@ 0000000180010310     libucrt:lcidtoname_downlevel.obj
 0002:00003318       ??_C@_15GEMIOCAG@?$AAj?$AAa@ 0000000180010318     libucrt:lcidtoname_downlevel.obj
 0002:00003320       ??_C@_15EPELEGJA@?$AAk?$AAo@ 0000000180010320     libucrt:lcidtoname_downlevel.obj
 0002:00003328       ??_C@_15NDDHIMN@?$AAn?$AAl@ 0000000180010328     libucrt:lcidtoname_downlevel.obj
 0002:00003330       ??_C@_15BPIGNHCD@?$AAn?$AAo@ 0000000180010330     libucrt:lcidtoname_downlevel.obj
 0002:00003338       ??_C@_15DEOPBLCG@?$AAp?$AAl@ 0000000180010338     libucrt:lcidtoname_downlevel.obj
 0002:00003340       ??_C@_15KBECGEFG@?$AAp?$AAt@ 0000000180010340     libucrt:lcidtoname_downlevel.obj
 0002:00003348       ??_C@_15GLJCBFMD@?$AAr?$AAo@ 0000000180010348     libucrt:lcidtoname_downlevel.obj
 0002:00003350       ??_C@_15FEDGKCDI@?$AAr?$AAu@ 0000000180010350     libucrt:lcidtoname_downlevel.obj
 0002:00003358       ??_C@_15GLKMLLHM@?$AAh?$AAr@ 0000000180010358     libucrt:lcidtoname_downlevel.obj
 0002:00003360       ??_C@_15CPKMFBDB@?$AAs?$AAk@ 0000000180010360     libucrt:lcidtoname_downlevel.obj
 0002:00003368       ??_C@_15BAAIOGMK@?$AAs?$AAq@ 0000000180010368     libucrt:lcidtoname_downlevel.obj
 0002:00003370       ??_C@_15INNPNOHD@?$AAs?$AAv@ 0000000180010370     libucrt:lcidtoname_downlevel.obj
 0002:00003378       ??_C@_15CABMMOGH@?$AAt?$AAh@ 0000000180010378     libucrt:lcidtoname_downlevel.obj
 0002:00003380       ??_C@_15BPLIHJJM@?$AAt?$AAr@ 0000000180010380     libucrt:lcidtoname_downlevel.obj
 0002:00003388       ??_C@_15NEOEKKDJ@?$AAu?$AAr@ 0000000180010388     libucrt:lcidtoname_downlevel.obj
 0002:00003390       ??_C@_15NFICGAJK@?$AAi?$AAd@ 0000000180010390     libucrt:lcidtoname_downlevel.obj
 0002:00003398       ??_C@_15HPJPHDM@?$AAb?$AAe@ 0000000180010398     libucrt:lcidtoname_downlevel.obj
 0002:000033a0       ??_C@_15LCHLGJII@?$AAs?$AAl@ 00000001800103a0     libucrt:lcidtoname_downlevel.obj
 0002:000033a8       ??_C@_15PCFJPHHO@?$AAe?$AAt@ 00000001800103a8     libucrt:lcidtoname_downlevel.obj
 0002:000033b0       ??_C@_15HPFPGODN@?$AAl?$AAv@ 00000001800103b0     libucrt:lcidtoname_downlevel.obj
 0002:000033b8       ??_C@_15NFFGKGLG@?$AAl?$AAt@ 00000001800103b8     libucrt:lcidtoname_downlevel.obj
 0002:000033c0       ??_C@_15BDAKCCHN@?$AAf?$AAa@ 00000001800103c0     libucrt:lcidtoname_downlevel.obj
 0002:000033c8       ??_C@_15NFGIAIAJ@?$AAv?$AAi@ 00000001800103c8     libucrt:lcidtoname_downlevel.obj
 0002:000033d0       ??_C@_15LMKNDMHN@?$AAh?$AAy@ 00000001800103d0     libucrt:lcidtoname_downlevel.obj
 0002:000033d8       ??_C@_15IJBHMCFL@?$AAa?$AAz@ 00000001800103d8     libucrt:lcidtoname_downlevel.obj
 0002:000033e0       ??_C@_15EKOFJABL@?$AAe?$AAu@ 00000001800103e0     libucrt:lcidtoname_downlevel.obj
 0002:000033e8       ??_C@_15BGHADCNK@?$AAm?$AAk@ 00000001800103e8     libucrt:lcidtoname_downlevel.obj
 0002:000033f0       ??_C@_15JDNICKHM@?$AAa?$AAf@ 00000001800103f0     libucrt:lcidtoname_downlevel.obj
 0002:000033f8       ??_C@_15KPJEDBKD@?$AAk?$AAa@ 00000001800103f8     libucrt:lcidtoname_downlevel.obj
 0002:00003400       ??_C@_15PDNFFFEO@?$AAf?$AAo@ 0000000180010400     libucrt:lcidtoname_downlevel.obj
 0002:00003408       ??_C@_15OMLEGLOC@?$AAh?$AAi@ 0000000180010408     libucrt:lcidtoname_downlevel.obj
 0002:00003410       ??_C@_15IDNNENKK@?$AAm?$AAs@ 0000000180010410     libucrt:lcidtoname_downlevel.obj
 0002:00003418       ??_C@_15MACJNBMH@?$AAk?$AAk@ 0000000180010418     libucrt:lcidtoname_downlevel.obj
 0002:00003420       ??_C@_15DKDJEOND@?$AAk?$AAy@ 0000000180010420     libucrt:lcidtoname_downlevel.obj
 0002:00003428       ??_C@_15DFGDLJBG@?$AAs?$AAw@ 0000000180010428     libucrt:lcidtoname_downlevel.obj
 0002:00003430       ??_C@_15BBFAICNG@?$AAu?$AAz@ 0000000180010430     libucrt:lcidtoname_downlevel.obj
 0002:00003438       ??_C@_15DKNDCGEA@?$AAt?$AAt@ 0000000180010438     libucrt:lcidtoname_downlevel.obj
 0002:00003440       ??_C@_15MGIFMDPL@?$AAp?$AAa@ 0000000180010440     libucrt:lcidtoname_downlevel.obj
 0002:00003448       ??_C@_15HCNDBBA@?$AAg?$AAu@ 0000000180010448     libucrt:lcidtoname_downlevel.obj
 0002:00003450       ??_C@_15FNBEIBON@?$AAt?$AAa@ 0000000180010450     libucrt:lcidtoname_downlevel.obj
 0002:00003458       ??_C@_15NCHGBGLK@?$AAt?$AAe@ 0000000180010458     libucrt:lcidtoname_downlevel.obj
 0002:00003460       ??_C@_15PHPHCBPF@?$AAk?$AAn@ 0000000180010460     libucrt:lcidtoname_downlevel.obj
 0002:00003468       ??_C@_15DLGBCKMP@?$AAm?$AAr@ 0000000180010468     libucrt:lcidtoname_downlevel.obj
 0002:00003470       ??_C@_15EABBLBFF@?$AAs?$AAa@ 0000000180010470     libucrt:lcidtoname_downlevel.obj
 0002:00003478       ??_C@_15CBKOMCOI@?$AAm?$AAn@ 0000000180010478     libucrt:lcidtoname_downlevel.obj
 0002:00003480       ??_C@_15CKDMCJAF@?$AAg?$AAl@ 0000000180010480     libucrt:lcidtoname_downlevel.obj
 0002:00003488       ??_C@_17CNJFBPG@?$AAk?$AAo?$AAk@ 0000000180010488     libucrt:lcidtoname_downlevel.obj
 0002:00003490       ??_C@_17FFBJICPL@?$AAs?$AAy?$AAr@ 0000000180010490     libucrt:lcidtoname_downlevel.obj
 0002:00003498       ??_C@_17KPNDCPAF@?$AAd?$AAi?$AAv@ 0000000180010498     libucrt:lcidtoname_downlevel.obj
 0002:000034a0       ??_C@_11LOCGONAA@@         00000001800104a0     libucrt:lcidtoname_downlevel.obj
 0002:000034a8       ??_C@_1M@OKAHONE@?$AAa?$AAr?$AA?9?$AAS?$AAA@ 00000001800104a8     libucrt:lcidtoname_downlevel.obj
 0002:000034b8       ??_C@_1M@FFFIGIGK@?$AAb?$AAg?$AA?9?$AAB?$AAG@ 00000001800104b8     libucrt:lcidtoname_downlevel.obj
 0002:000034c8       ??_C@_1M@BJNKEDC@?$AAc?$AAa?$AA?9?$AAE?$AAS@ 00000001800104c8     libucrt:lcidtoname_downlevel.obj
 0002:000034d8       ??_C@_1M@IJJHFJHA@?$AAc?$AAs?$AA?9?$AAC?$AAZ@ 00000001800104d8     libucrt:lcidtoname_downlevel.obj
 0002:000034e8       ??_C@_1M@CLPEOBGI@?$AAd?$AAa?$AA?9?$AAD?$AAK@ 00000001800104e8     libucrt:lcidtoname_downlevel.obj
 0002:000034f8       ??_C@_1M@MCMADGCB@?$AAd?$AAe?$AA?9?$AAD?$AAE@ 00000001800104f8     libucrt:lcidtoname_downlevel.obj
 0002:00003508       ??_C@_1M@OOCKEMAM@?$AAe?$AAl?$AA?9?$AAG?$AAR@ 0000000180010508     libucrt:lcidtoname_downlevel.obj
 0002:00003518       ??_C@_1M@DDNJFGID@?$AAf?$AAi?$AA?9?$AAF?$AAI@ 0000000180010518     libucrt:lcidtoname_downlevel.obj
 0002:00003528       ??_C@_1M@GLIPPMAC@?$AAf?$AAr?$AA?9?$AAF?$AAR@ 0000000180010528     libucrt:lcidtoname_downlevel.obj
 0002:00003538       ??_C@_1M@GFMCHPE@?$AAh?$AAe?$AA?9?$AAI?$AAL@ 0000000180010538     libucrt:lcidtoname_downlevel.obj
 0002:00003548       ??_C@_1M@MHLPGNKM@?$AAh?$AAu?$AA?9?$AAH?$AAU@ 0000000180010548     libucrt:lcidtoname_downlevel.obj
 0002:00003558       ??_C@_1M@LPDDNNPN@?$AAi?$AAs?$AA?9?$AAI?$AAS@ 0000000180010558     libucrt:lcidtoname_downlevel.obj
 0002:00003568       ??_C@_1M@MADIPODN@?$AAi?$AAt?$AA?9?$AAI?$AAT@ 0000000180010568     libucrt:lcidtoname_downlevel.obj
 0002:00003578       ??_C@_1M@IHBJJGG@?$AAn?$AAl?$AA?9?$AAN?$AAL@ 0000000180010578     libucrt:lcidtoname_downlevel.obj
 0002:00003588       ??_C@_1M@EANAGDL@?$AAn?$AAb?$AA?9?$AAN?$AAO@ 0000000180010588     libucrt:lcidtoname_downlevel.obj
 0002:00003598       ??_C@_1M@NEIEMEGP@?$AAp?$AAl?$AA?9?$AAP?$AAL@ 0000000180010598     libucrt:lcidtoname_downlevel.obj
 0002:000035a8       ??_C@_1M@BOCFIGEP@?$AAp?$AAt?$AA?9?$AAB?$AAR@ 00000001800105a8     libucrt:lcidtoname_downlevel.obj
 0002:000035b8       ??_C@_1M@IMPFOPBG@?$AAr?$AAo?$AA?9?$AAR?$AAO@ 00000001800105b8     libucrt:lcidtoname_downlevel.obj
 0002:000035c8       ??_C@_1M@IDNNEJMM@?$AAr?$AAu?$AA?9?$AAR?$AAU@ 00000001800105c8     libucrt:lcidtoname_downlevel.obj
 0002:000035d8       ??_C@_1M@LILEEOGM@?$AAh?$AAr?$AA?9?$AAH?$AAR@ 00000001800105d8     libucrt:lcidtoname_downlevel.obj
 0002:000035e8       ??_C@_1M@FKIFEHPB@?$AAs?$AAk?$AA?9?$AAS?$AAK@ 00000001800105e8     libucrt:lcidtoname_downlevel.obj
 0002:000035f8       ??_C@_1M@LJMAMNPJ@?$AAs?$AAq?$AA?9?$AAA?$AAL@ 00000001800105f8     libucrt:lcidtoname_downlevel.obj
 0002:00003608       ??_C@_1M@GIAKDKJK@?$AAs?$AAv?$AA?9?$AAS?$AAE@ 0000000180010608     libucrt:lcidtoname_downlevel.obj
 0002:00003618       ??_C@_1M@MKJKIKCL@?$AAt?$AAh?$AA?9?$AAT?$AAH@ 0000000180010618     libucrt:lcidtoname_downlevel.obj
 0002:00003628       ??_C@_1M@MFLCCMPB@?$AAt?$AAr?$AA?9?$AAT?$AAR@ 0000000180010628     libucrt:lcidtoname_downlevel.obj
 0002:00003638       ??_C@_1M@OIJHDKJN@?$AAu?$AAr?$AA?9?$AAP?$AAK@ 0000000180010638     libucrt:lcidtoname_downlevel.obj
 0002:00003648       ??_C@_1M@LHIPCIEK@?$AAi?$AAd?$AA?9?$AAI?$AAD@ 0000000180010648     libucrt:lcidtoname_downlevel.obj
 0002:00003658       ??_C@_1M@MFMOBGI@?$AAu?$AAk?$AA?9?$AAU?$AAA@ 0000000180010658     libucrt:lcidtoname_downlevel.obj
 0002:00003668       ??_C@_1M@OBGLJIPL@?$AAb?$AAe?$AA?9?$AAB?$AAY@ 0000000180010668     libucrt:lcidtoname_downlevel.obj
 0002:00003678       ??_C@_1M@BCFAJEAD@?$AAs?$AAl?$AA?9?$AAS?$AAI@ 0000000180010678     libucrt:lcidtoname_downlevel.obj
 0002:00003688       ??_C@_1M@FKFFEDDN@?$AAe?$AAt?$AA?9?$AAE?$AAE@ 0000000180010688     libucrt:lcidtoname_downlevel.obj
 0002:00003698       ??_C@_1M@KGKKAACI@?$AAl?$AAv?$AA?9?$AAL?$AAV@ 0000000180010698     libucrt:lcidtoname_downlevel.obj
 0002:000036a8       ??_C@_1M@IFGBIJO@?$AAl?$AAt?$AA?9?$AAL?$AAT@ 00000001800106a8     libucrt:lcidtoname_downlevel.obj
 0002:000036b8       ??_C@_1M@FGEAHEDM@?$AAf?$AAa?$AA?9?$AAI?$AAR@ 00000001800106b8     libucrt:lcidtoname_downlevel.obj
 0002:000036c8       ??_C@_1M@KBMAIBFN@?$AAv?$AAi?$AA?9?$AAV?$AAN@ 00000001800106c8     libucrt:lcidtoname_downlevel.obj
 0002:000036d8       ??_C@_1M@GPCBKDJK@?$AAh?$AAy?$AA?9?$AAA?$AAM@ 00000001800106d8     libucrt:lcidtoname_downlevel.obj
 0002:000036e8       ??_C@_1BG@BECMDDJB@?$AAa?$AAz?$AA?9?$AAA?$AAZ?$AA?9?$AAL?$AAa?$AAt?$AAn@ 00000001800106e8     libucrt:lcidtoname_downlevel.obj
 0002:00003700       ??_C@_1M@MAOFCAEA@?$AAe?$AAu?$AA?9?$AAE?$AAS@ 0000000180010700     libucrt:lcidtoname_downlevel.obj
 0002:00003710       ??_C@_1M@IGHABKPI@?$AAm?$AAk?$AA?9?$AAM?$AAK@ 0000000180010710     libucrt:lcidtoname_downlevel.obj
 0002:00003720       ??_C@_1M@IAIGNEJG@?$AAt?$AAn?$AA?9?$AAZ?$AAA@ 0000000180010720     libucrt:lcidtoname_downlevel.obj
 0002:00003730       ??_C@_1M@IIJCOJFA@?$AAx?$AAh?$AA?9?$AAZ?$AAA@ 0000000180010730     libucrt:lcidtoname_downlevel.obj
 0002:00003740       ??_C@_1M@LGPJHNJH@?$AAz?$AAu?$AA?9?$AAZ?$AAA@ 0000000180010740     libucrt:lcidtoname_downlevel.obj
 0002:00003750       ??_C@_1M@HOKAOIO@?$AAa?$AAf?$AA?9?$AAZ?$AAA@ 0000000180010750     libucrt:lcidtoname_downlevel.obj
 0002:00003760       ??_C@_1M@DPCLHLIE@?$AAk?$AAa?$AA?9?$AAG?$AAE@ 0000000180010760     libucrt:lcidtoname_downlevel.obj
 0002:00003770       ??_C@_1M@BLKMHJBI@?$AAf?$AAo?$AA?9?$AAF?$AAO@ 0000000180010770     libucrt:lcidtoname_downlevel.obj
 0002:00003780       ??_C@_1M@LGGJAPPB@?$AAh?$AAi?$AA?9?$AAI?$AAN@ 0000000180010780     libucrt:lcidtoname_downlevel.obj
 0002:00003790       ??_C@_1M@FIKPIHFE@?$AAm?$AAt?$AA?9?$AAM?$AAT@ 0000000180010790     libucrt:lcidtoname_downlevel.obj
 0002:000037a0       ??_C@_1M@HEGGPBFA@?$AAs?$AAe?$AA?9?$AAN?$AAO@ 00000001800107a0     libucrt:lcidtoname_downlevel.obj
 0002:000037b0       ??_C@_1M@EIBJEEPA@?$AAm?$AAs?$AA?9?$AAM?$AAY@ 00000001800107b0     libucrt:lcidtoname_downlevel.obj
 0002:000037c0       ??_C@_1M@FHLBGMPP@?$AAk?$AAk?$AA?9?$AAK?$AAZ@ 00000001800107c0     libucrt:lcidtoname_downlevel.obj
 0002:000037d0       ??_C@_1M@NGJJLCGI@?$AAk?$AAy?$AA?9?$AAK?$AAG@ 00000001800107d0     libucrt:lcidtoname_downlevel.obj
 0002:000037e0       ??_C@_1M@GIENNBFC@?$AAs?$AAw?$AA?9?$AAK?$AAE@ 00000001800107e0     libucrt:lcidtoname_downlevel.obj
 0002:000037f0       ??_C@_1BG@NDGMJIMJ@?$AAu?$AAz?$AA?9?$AAU?$AAZ?$AA?9?$AAL?$AAa?$AAt?$AAn@ 00000001800107f0     libucrt:lcidtoname_downlevel.obj
 0002:00003808       ??_C@_1M@IDCCIHBC@?$AAt?$AAt?$AA?9?$AAR?$AAU@ 0000000180010808     libucrt:lcidtoname_downlevel.obj
 0002:00003818       ??_C@_1M@LOICPMOJ@?$AAb?$AAn?$AA?9?$AAI?$AAN@ 0000000180010818     libucrt:lcidtoname_downlevel.obj
 0002:00003828       ??_C@_1M@KPKKNEAH@?$AAp?$AAa?$AA?9?$AAI?$AAN@ 0000000180010828     libucrt:lcidtoname_downlevel.obj
 0002:00003838       ??_C@_1M@PJGPPBOG@?$AAg?$AAu?$AA?9?$AAI?$AAN@ 0000000180010838     libucrt:lcidtoname_downlevel.obj
 0002:00003848       ??_C@_1M@KMKMOPHI@?$AAt?$AAa?$AA?9?$AAI?$AAN@ 0000000180010848     libucrt:lcidtoname_downlevel.obj
 0002:00003858       ??_C@_1M@KFEHEPAC@?$AAt?$AAe?$AA?9?$AAI?$AAN@ 0000000180010858     libucrt:lcidtoname_downlevel.obj
 0002:00003868       ??_C@_1M@CDCLMGHI@?$AAk?$AAn?$AA?9?$AAI?$AAN@ 0000000180010868     libucrt:lcidtoname_downlevel.obj
 0002:00003878       ??_C@_1M@MIODLDKF@?$AAm?$AAl?$AA?9?$AAI?$AAN@ 0000000180010878     libucrt:lcidtoname_downlevel.obj
 0002:00003888       ??_C@_1M@PBIEACPO@?$AAm?$AAr?$AA?9?$AAI?$AAN@ 0000000180010888     libucrt:lcidtoname_downlevel.obj
 0002:00003898       ??_C@_1M@NIDEAGPH@?$AAs?$AAa?$AA?9?$AAI?$AAN@ 0000000180010898     libucrt:lcidtoname_downlevel.obj
 0002:000038a8       ??_C@_1M@FHIHCBIO@?$AAm?$AAn?$AA?9?$AAM?$AAN@ 00000001800108a8     libucrt:lcidtoname_downlevel.obj
 0002:000038b8       ??_C@_1M@JAIJPENP@?$AAc?$AAy?$AA?9?$AAG?$AAB@ 00000001800108b8     libucrt:lcidtoname_downlevel.obj
 0002:000038c8       ??_C@_1M@PHGFBEPN@?$AAg?$AAl?$AA?9?$AAE?$AAS@ 00000001800108c8     libucrt:lcidtoname_downlevel.obj
 0002:000038d8       ??_C@_1O@KPIPDNCP@?$AAk?$AAo?$AAk?$AA?9?$AAI?$AAN@ 00000001800108d8     libucrt:lcidtoname_downlevel.obj
[...]
 0004:00000648       $pdata$__acrt_initialize_locks 0000000180018648     libucrt:locks.obj
 0004:00000654       $pdata$__acrt_uninitialize_locks 0000000180018654     libucrt:locks.obj
 0004:00000660       $pdata$__acrt_get_process_end_policy 0000000180018660     libucrt:win_policies.obj
 0004:0000066c       $pdata$_calloc_base        000000018001866c     libucrt:calloc_base.obj
 0004:00000678       $pdata$_free_base          0000000180018678     libucrt:free_base.obj
 0004:00000684       $pdata$??$__acrt_mbs_to_wcs_cp@U__crt_win32_buffer_internal_dynamic_resizing@@@@YAHQEBDAEAV?$__crt_win32_buffer@_WU__crt_win32_buffer_internal_dynamic_resizing@@@@I@Z 0000000180018684     libucrt:argv_wildcards.obj
 0004:00000690       $pdata$??$__acrt_wcs_to_mbs_cp@U__crt_win32_buffer_internal_dynamic_resizing@@@@YAHQEB_WAEAV?$__crt_win32_buffer@DU__crt_win32_buffer_internal_dynamic_resizing@@@@I@Z 0000000180018690     libucrt:argv_wildcards.obj
 0004:0000069c       $pdata$??$common_expand_argv_wildcards@D@@YAHQEAPEADQEAPEAPEAD@Z 000000018001869c     libucrt:argv_wildcards.obj
 0004:000006a8       $pdata$??$copy_and_add_argument_to_buffer@D@@YAHQEBD0_KAEAV?$argument_list@D@?A0x5f5c8891@@@Z 00000001800186a8     libucrt:argv_wildcards.obj
 0004:000006b4       $pdata$??$expand_argument_wildcards@D@@YAHQEAD0AEAV?$argument_list@D@?A0x5f5c8891@@@Z 00000001800186b4     libucrt:argv_wildcards.obj
 0004:000006c0       $pdata$__acrt_GetModuleFileNameA 00000001800186c0     libucrt:getmodulefilenamea.obj
 0004:000006cc       $pdata$??$__acrt_wcs_to_mbs_cp@U__crt_win32_buffer_no_resizing@@@@YAHQEB_WAEAV?$__crt_win32_buffer@DU__crt_win32_buffer_no_resizing@@@@I@Z 00000001800186cc     libucrt:getmodulefilenamea.obj
 0004:000006d8       $pdata$__acrt_update_thread_multibyte_data 00000001800186d8     libucrt:mbctype.obj
 0004:000006e4       $pdata$__acrt_initialize_multibyte 00000001800186e4     libucrt:mbctype.obj
 0004:000006f0       $pdata$_setmbcp_nolock     00000001800186f0     libucrt:mbctype.obj
 0004:000006fc       $pdata$?getSystemCP@@YAHH@Z 00000001800186fc     libucrt:mbctype.obj
 0004:00000708       $pdata$?setSBCS@@YAXPEAU__crt_multibyte_data@@@Z 0000000180018708     libucrt:mbctype.obj
 0004:00000714       $pdata$?update_thread_multibyte_data_internal@@YAPEAU__crt_multibyte_data@@QEAU__acrt_ptd@@QEAPEAU1@@Z 0000000180018714     libucrt:mbctype.obj
 0004:00000720       $pdata$?fin$0@?0??update_thread_multibyte_data_internal@@YAPEAU__crt_multibyte_data@@QEAU__acrt_ptd@@QEAPEAU1@@Z@4HA 0000000180018720     libucrt:mbctype.obj
 0004:0000072c       $pdata$?setmbcp_internal@@YAHH_NQEAU__acrt_ptd@@QEAPEAU__crt_multibyte_data@@@Z 000000018001872c     libucrt:mbctype.obj
 0004:00000738       $pdata$?setSBUpLow@@YAXPEAU__crt_multibyte_data@@@Z 0000000180018738     libucrt:mbctype.obj
 0004:00000744       $pdata$??$?RV<lambda_efdfa57d1f175319df784efa44bb7b81>@@AEAV<lambda_5f0a4c1567f8adc6734073e5d1e1b35c>@@V<lambda_2e8a7d3640ea6ccb4c2413664c2db6fd>@@@?$__crt_seh_guarded_call@X@@QEAAX$$QEAV<lambda_efdfa57d1f175319df784efa44bb7b81>@@AEAV<lambda_5f0a4c1567f8adc6734073e5d1e1b35c>@@$$QEAV<lambda_2e8a7d3640ea6ccb4c2413664c2db6fd>@@@Z 0000000180018744     libucrt:mbctype.obj
 0004:00000750       $pdata$?x_ismbbtype_l@@YAHPEAU__crt_locale_pointers@@IHH@Z 0000000180018750     libucrt:ismbbyte.obj
 0004:0000075c       $pdata$__acrt_initialize_command_line 000000018001875c     libucrt:argv_data.obj
 0004:00000768       $pdata$__acrt_WideCharToMultiByte 0000000180018768     libucrt:widechartomultibyte.obj
 0004:00000774       $pdata$__dcrt_get_narrow_environment_from_os 0000000180018774     libucrt:get_environment_from_os.obj
 0004:00000780       $pdata$_recalloc_base      0000000180018780     libucrt:recalloc.obj
 0004:0000078c       $pdata$__acrt_initialize_winapi_thunks 000000018001878c     libucrt:winapi_thunks.obj
 0004:00000798       $pdata$__acrt_uninitialize_winapi_thunks 0000000180018798     libucrt:winapi_thunks.obj
 0004:000007a4       $pdata$__acrt_AreFileApisANSI 00000001800187a4     libucrt:winapi_thunks.obj
 0004:000007b0       $pdata$__acrt_FlsAlloc     00000001800187b0     libucrt:winapi_thunks.obj
 0004:000007bc       $pdata$__acrt_FlsFree      00000001800187bc     libucrt:winapi_thunks.obj
 0004:000007c8       $pdata$__acrt_FlsGetValue  00000001800187c8     libucrt:winapi_thunks.obj
 0004:000007d4       $pdata$__acrt_FlsSetValue  00000001800187d4     libucrt:winapi_thunks.obj
 0004:000007e0       $pdata$__acrt_InitializeCriticalSectionEx 00000001800187e0     libucrt:winapi_thunks.obj
 0004:000007ec       $pdata$__acrt_LCMapStringEx 00000001800187ec     libucrt:winapi_thunks.obj
 0004:000007f8       $pdata$__acrt_LocaleNameToLCID 00000001800187f8     libucrt:winapi_thunks.obj
 0004:00000804       $pdata$__acrt_AppPolicyGetProcessTerminationMethodInternal 0000000180018804     libucrt:winapi_thunks.obj
 0004:00000810       $pdata$?try_get_function@@YAPEAXW4function_id@?A0x391cf84c@@QEBDQEBW4module_id@2@2@Z 0000000180018810     libucrt:winapi_thunks.obj
 0004:0000081c       $pdata$__acrt_initialize_heap 000000018001881c     libucrt:heap_handle.obj
 0004:00000828       $pdata$__acrt_initialize_lowio 0000000180018828     libucrt:ioinit.obj
 0004:00000834       $pdata$__acrt_initialize_lowio$fin$0 0000000180018834     libucrt:ioinit.obj
 0004:00000834       $pdata$__acrt_lowio_ensure_fh_exists$fin$0 0000000180018834     libucrt:osfinfo.obj
 0004:00000840       $pdata$__acrt_uninitialize_lowio 0000000180018840     libucrt:ioinit.obj
 0004:0000084c       $pdata$?initialize_inherited_file_handles_nolock@@YAXXZ 000000018001884c     libucrt:ioinit.obj
 0004:00000858       $pdata$?initialize_stdio_handles_nolock@@YAXXZ 0000000180018858     libucrt:ioinit.obj
 0004:00000864       $pdata$__acrt_execute_initializers 0000000180018864     libucrt:shared_initialization.obj
 0004:00000870       $pdata$__acrt_execute_uninitializers 0000000180018870     libucrt:shared_initialization.obj
 0004:0000087c       $pdata$_callnewh           000000018001887c     libucrt:new_handler.obj
 0004:00000888       $pdata$_query_new_handler  0000000180018888     libucrt:new_handler.obj
 0004:00000894       $pdata$_query_new_handler$fin$0 0000000180018894     libucrt:new_handler.obj
 0004:000008a0       $pdata$__acrt_get_sigabrt_handler 00000001800188a0     libucrt:signal.obj
 0004:000008ac       $pdata$raise               00000001800188ac     libucrt:signal.obj
 0004:000008b8       $pdata$raise$fin$0         00000001800188b8     libucrt:signal.obj
 0004:000008c4       $pdata$??$?RV<lambda_450d765d439847d4c735a33c368b5fc0>@@AEAV<lambda_44731a7d0e6d81c3e6aa82d741081786>@@V<lambda_601a2a7da3b7a96e9554ac7215c4b07c>@@@?$__crt_seh_guarded_call@P6AXH@Z@@QEAAP6AXH@Z$$QEAV<lambda_450d765d439847d4c735a33c368b5fc0>@@AEAV<lambda_44731a7d0e6d81c3e6aa82d741081786>@@$$QEAV<lambda_601a2a7da3b7a96e9554ac7215c4b07c>@@@Z 00000001800188c4     libucrt:signal.obj
 0004:000008d0       $pdata$_fflush_nolock      00000001800188d0     libucrt:fflush.obj
 0004:000008dc       $pdata$__acrt_stdio_flush_nolock 00000001800188dc     libucrt:fflush.obj
 0004:000008e8       $pdata$?common_flush_all@@YAH_N@Z 00000001800188e8     libucrt:fflush.obj
 0004:000008f4       $pdata$??$?RV<lambda_842d9ff0dc9ef11c61343bbaebe7f885>@@AEAV<lambda_c5860995281e5c4ce005b3de8f5874ee>@@V<lambda_d90129c13df834fdcbf8d2b88dafcf2d>@@@?$__crt_seh_guarded_call@X@@QEAAX$$QEAV<lambda_842d9ff0dc9ef11c61343bbaebe7f885>@@AEAV<lambda_c5860995281e5c4ce005b3de8f5874ee>@@$$QEAV<lambda_d90129c13df834fdcbf8d2b88dafcf2d>@@@Z 00000001800188f4     libucrt:fflush.obj
 0004:00000900       $pdata$?fin$0@?0???$?RV<lambda_842d9ff0dc9ef11c61343bbaebe7f885>@@AEAV<lambda_c5860995281e5c4ce005b3de8f5874ee>@@V<lambda_d90129c13df834fdcbf8d2b88dafcf2d>@@@?$__crt_seh_guarded_call@X@@QEAAX$$QEAV<lambda_842d9ff0dc9ef11c61343bbaebe7f885>@@AEAV<lambda_c5860995281e5c4ce005b3de8f5874ee>@@$$QEAV<lambda_d90129c13df834fdcbf8d2b88dafcf2d>@@@Z@4HA 0000000180018900     libucrt:fflush.obj
 0004:0000090c       $pdata$??$?RV<lambda_886d6c58226a84441f68b9f2b8217b83>@@AEAV<lambda_ab61a845afdef5b7c387490eaf3616ee>@@V<lambda_f7f22ab5edc0698d5f6905b0d3f44752>@@@?$__crt_seh_guarded_call@X@@QEAAX$$QEAV<lambda_886d6c58226a84441f68b9f2b8217b83>@@AEAV<lambda_ab61a845afdef5b7c387490eaf3616ee>@@$$QEAV<lambda_f7f22ab5edc0698d5f6905b0d3f44752>@@@Z 000000018001890c     libucrt:fflush.obj
 0004:00000918       $pdata$?fin$0@?0???$?RV<lambda_886d6c58226a84441f68b9f2b8217b83>@@AEAV<lambda_ab61a845afdef5b7c387490eaf3616ee>@@V<lambda_f7f22ab5edc0698d5f6905b0d3f44752>@@@?$__crt_seh_guarded_call@X@@QEAAX$$QEAV<lambda_886d6c58226a84441f68b9f2b8217b83>@@AEAV<lambda_ab61a845afdef5b7c387490eaf3616ee>@@$$QEAV<lambda_f7f22ab5edc0698d5f6905b0d3f44752>@@@Z@4HA 0000000180018918     libucrt:fflush.obj
 0004:00000924       $pdata$__acrt_initialize_stdio 0000000180018924     libucrt:_file.obj
 0004:00000930       $pdata$__acrt_uninitialize_stdio 0000000180018930     libucrt:_file.obj
 0004:0000093c       $pdata$_malloc_base        000000018001893c     libucrt:malloc_base.obj
 0004:00000948       $pdata$_mbtowc_l           0000000180018948     libucrt:mbtowc.obj
 0004:00000954       $pdata$_fileno             0000000180018954     libucrt:fileno.obj
 0004:00000960       $pdata$__pctype_func       0000000180018960     libucrt:ctype.obj
 0004:0000096c       $pdata$__acrt_release_locale_ref 000000018001896c     libucrt:locale_refcounting.obj
 0004:00000978       $pdata$__acrt_free_locale  0000000180018978     libucrt:locale_refcounting.obj
 0004:00000984       $pdata$__acrt_locale_free_lc_time_if_unreferenced 0000000180018984     libucrt:locale_refcounting.obj
 0004:00000990       $pdata$__acrt_update_thread_locale_data 0000000180018990     libucrt:locale_refcounting.obj
 0004:0000099c       $pdata$__acrt_update_thread_locale_data$fin$0 000000018001899c     libucrt:locale_refcounting.obj
 0004:000009a8       $pdata$_updatetlocinfoEx_nolock 00000001800189a8     libucrt:locale_refcounting.obj
 0004:000009b4       $pdata$__acrt_locale_free_monetary 00000001800189b4     libucrt:initmon.obj
 0004:000009c0       $pdata$__acrt_locale_free_numeric 00000001800189c0     libucrt:initnum.obj
 0004:000009cc       $pdata$__acrt_locale_free_time 00000001800189cc     libucrt:inittime.obj
 0004:000009d8       $pdata$?free_crt_array_internal@@YAXQEAPEBX_K@Z 00000001800189d8     libucrt:inittime.obj
 0004:000009e4       $pdata$__acrt_GetStringTypeA 00000001800189e4     libucrt:getstringtypea.obj
 0004:000009f0       $pdata$qsort               00000001800189f0     libucrt:qsort.obj
 0004:000009fc       $pdata$4$qsort             00000001800189fc     libucrt:qsort.obj
 0004:00000a08       $pdata$5$qsort             0000000180018a08     libucrt:qsort.obj
 0004:00000a14       $pdata$strncpy_s           0000000180018a14     libucrt:strncpy_s.obj
 0004:00000a20       $pdata$strpbrk             0000000180018a20     libucrt:strpbrk.obj
 0004:00000a2c       $pdata$fallbackMethod      0000000180018a2c     libucrt:strpbrk.obj
 0004:00000a38       $pdata$_mbsdec_l           0000000180018a38     libucrt:mbsdec.obj
 0004:00000a44       $pdata$__acrt_LCMapStringA 0000000180018a44     libucrt:lcmapstringa.obj
 0004:00000a50       $pdata$?__acrt_LCMapStringA_stat@@YAHPEAU__crt_locale_pointers@@PEB_WKPEBDHPEADHHH@Z 0000000180018a50     libucrt:lcmapstringa.obj
 0004:00000a5c       $pdata$?initialize_multibyte@@YAHXZ 0000000180018a5c     libucrt:multibyte_initializer.obj
 0004:00000a68       $pdata$_msize_base         0000000180018a68     libucrt:msize.obj
 0004:00000a74       $pdata$_realloc_base       0000000180018a74     libucrt:realloc_base.obj
 0004:00000a80       $pdata$__acrt_DownlevelLocaleNameToLCID 0000000180018a80     libucrt:lcidtoname_downlevel.obj
 0004:00000a8c       $pdata$_get_osfhandle      0000000180018a8c     libucrt:osfinfo.obj
 0004:00000a98       $pdata$_free_osfhnd        0000000180018a98     libucrt:osfinfo.obj
 0004:00000aa4       $pdata$__acrt_lowio_create_handle_array 0000000180018aa4     libucrt:osfinfo.obj
 0004:00000ab0       $pdata$__acrt_lowio_destroy_handle_array 0000000180018ab0     libucrt:osfinfo.obj
 0004:00000abc       $pdata$__acrt_lowio_ensure_fh_exists 0000000180018abc     libucrt:osfinfo.obj
 0004:00000ac8       $pdata$_commit             0000000180018ac8     libucrt:commit.obj
 0004:00000ad4       $pdata$??$?RV<lambda_a37b2b86f63e897a80ea819b0eb08c01>@@AEAV<lambda_38ce7e780aa69e748d6df282ebc68efe>@@V<lambda_99fb1378e971ab6e7edea83e3a7a83a2>@@@?$__crt_seh_guarded_call@H@@QEAAH$$QEAV<lambda_a37b2b86f63e897a80ea819b0eb08c01>@@AEAV<lambda_38ce7e780aa69e748d6df282ebc68efe>@@$$QEAV<lambda_99fb1378e971ab6e7edea83e3a7a83a2>@@@Z 0000000180018ad4     libucrt:commit.obj
 0004:00000ae0       $pdata$?fin$0@?0???$?RV<lambda_751a882b2c74d4b022dec766aa51a29a>@@AEAV<lambda_628dfdc04ba53c8bfc02c9951375f3f5>@@V<lambda_f6c7be5f7998530c34de24c7437d6b54>@@@?$__crt_seh_guarded_call@H@@QEAAH$$QEAV<lambda_751a882b2c74d4b022dec766aa51a29a>@@AEAV<lambda_628dfdc04ba53c8bfc02c9951375f3f5>@@$$QEAV<lambda_f6c7be5f7998530c34de24c7437d6b54>@@@Z@4HA 0000000180018ae0     libucrt:close.obj
 0004:00000ae0       $pdata$?fin$0@?0???$?RV<lambda_a37b2b86f63e897a80ea819b0eb08c01>@@AEAV<lambda_38ce7e780aa69e748d6df282ebc68efe>@@V<lambda_99fb1378e971ab6e7edea83e3a7a83a2>@@@?$__crt_seh_guarded_call@H@@QEAAH$$QEAV<lambda_a37b2b86f63e897a80ea819b0eb08c01>@@AEAV<lambda_38ce7e780aa69e748d6df282ebc68efe>@@$$QEAV<lambda_99fb1378e971ab6e7edea83e3a7a83a2>@@@Z@4HA 0000000180018ae0     libucrt:commit.obj
 0004:00000aec       $pdata$_write              0000000180018aec     libucrt:write.obj
 0004:00000af8       $pdata$_write$fin$0        0000000180018af8     libucrt:write.obj
 0004:00000b04       $pdata$_write_nolock       0000000180018b04     libucrt:write.obj
 0004:00000b10       $pdata$?write_double_translated_ansi_nolock@@YA?AUwrite_result@?A0x17268360@@HQEBDI@Z 0000000180018b10     libucrt:write.obj
 0004:00000b1c       $pdata$?write_text_ansi_nolock@@YA?AUwrite_result@?A0x17268360@@HQEBDI@Z 0000000180018b1c     libucrt:write.obj
 0004:00000b28       $pdata$?write_text_utf16le_nolock@@YA?AUwrite_result@?A0x17268360@@HQEBDI@Z 0000000180018b28     libucrt:write.obj
 0004:00000b34       $pdata$?write_text_utf8_nolock@@YA?AUwrite_result@?A0x17268360@@HQEBDI@Z 0000000180018b34     libucrt:write.obj
 0004:00000b40       $pdata$_fcloseall          0000000180018b40     libucrt:closeall.obj
 0004:00000b4c       $pdata$_fcloseall$fin$0    0000000180018b4c     libucrt:closeall.obj
 0004:00000b58       $pdata$__acrt_stdio_free_buffer_nolock 0000000180018b58     libucrt:_freebuf.obj
 0004:00000b64       $pdata$_isatty             0000000180018b64     libucrt:isatty.obj
 0004:00000b70       $pdata$_isleadbyte_l       0000000180018b70     libucrt:_wctype.obj
 0004:00000b7c       $pdata$?__mbrtowc_utf8@__crt_mbstring@@YA_KPEA_WPEBD_KPEAU_Mbstatet@@@Z 0000000180018b7c     libucrt:mbrtowc.obj
 0004:00000b88       $pdata$?__mbsrtowcs_utf8@__crt_mbstring@@YA_KPEA_WPEAPEBD_KPEAU_Mbstatet@@@Z 0000000180018b88     libucrt:mbrtowc.obj
 0004:00000b94       $pdata$??$common_lseek_nolock@_J@@YA_JH_JH@Z 0000000180018b94     libucrt:lseek.obj
 0004:00000ba0       $pdata$_putwch_nolock      0000000180018ba0     libucrt:putwch.obj
 0004:00000bac       $pdata$fclose              0000000180018bac     libucrt:fclose.obj
 0004:00000bb8       $pdata$fclose$fin$0        0000000180018bb8     libucrt:fclose.obj
 0004:00000bc4       $pdata$_fclose_nolock      0000000180018bc4     libucrt:fclose.obj
 0004:00000bd0       $pdata$?__mbrtoc32_utf8@__crt_mbstring@@YA_KPEA_UPEBD_KPEAU_Mbstatet@@@Z 0000000180018bd0     libucrt:mbrtoc32.obj
 0004:00000be8       $pdata$__dcrt_lowio_ensure_console_output_initialized 0000000180018be8     libucrt:initcon.obj
 0004:00000bf4       $pdata$__dcrt_write_console 0000000180018bf4     libucrt:initcon.obj
 0004:00000c00       $pdata$__dcrt_terminate_console_output 0000000180018c00     libucrt:initcon.obj
 0004:00000c0c       $pdata$_close              0000000180018c0c     libucrt:close.obj
 0004:00000c18       $pdata$_close_nolock       0000000180018c18     libucrt:close.obj
 0004:00000c24       $pdata$??$?RV<lambda_751a882b2c74d4b022dec766aa51a29a>@@AEAV<lambda_628dfdc04ba53c8bfc02c9951375f3f5>@@V<lambda_f6c7be5f7998530c34de24c7437d6b54>@@@?$__crt_seh_guarded_call@H@@QEAAH$$QEAV<lambda_751a882b2c74d4b022dec766aa51a29a>@@AEAV<lambda_628dfdc04ba53c8bfc02c9951375f3f5>@@$$QEAV<lambda_f6c7be5f7998530c34de24c7437d6b54>@@@Z 0000000180018c24     libucrt:close.obj
 0004:00000c30       $pdata$_call_matherr       0000000180018c30     libucrt:libm_error.obj
 0004:00000c3c       $pdata$_exception_enabled  0000000180018c3c     libucrt:libm_error.obj
 0004:00000c48       $pdata$_handle_error       0000000180018c48     libucrt:libm_error.obj
 0004:00000c54       $pdata$__acrt_initialize_fma3 0000000180018c54     libucrt:fma3_available.obj
 0004:00000c60       $pdata$_log_special_common 0000000180018c60     libucrt:log_special.obj
 0004:00000c6c       $pdata$_log10_special      0000000180018c6c     libucrt:log_special.obj
 0004:00000c84       $pdata$_set_errno_from_matherr 0000000180018c84     libucrt:fpexcept.obj
 0004:00000c90       $pdata$_raise_exc          0000000180018c90     libucrt:fpexcept.obj
 0004:00000c9c       $pdata$_raise_exc_ex       0000000180018c9c     libucrt:fpexcept.obj
 0004:00000ca8       $pdata$_clrfp              0000000180018ca8     libucrt:fpctrl.obj
 0004:00000cb4       $pdata$_ctrlfp             0000000180018cb4     libucrt:fpctrl.obj
 0004:00000cc0       $pdata$_ctrlfp$filt$0      0000000180018cc0     libucrt:fpctrl.obj
 0004:00000ccc       $pdata$_statfp             0000000180018ccc     libucrt:fpctrl.obj
 0004:00000cd8       $pdata$_set_statfp         0000000180018cd8     libucrt:fpctrl.obj
 0004:00000ce4       $pdata$?DloadGetSRWLockFunctionPointers@@YAEXZ 0000000180018ce4     DelayImp:delayhlp.obj
 0004:00000cf0       $pdata$?DloadObtainSection@@YAPEAXPEAK0@Z 0000000180018cf0     DelayImp:delayhlp.obj
 0004:00000cfc       $pdata$?DloadMakePermanentImageCommit@@YAXPEAX_K@Z 0000000180018cfc     DelayImp:delayhlp.obj
 0004:00000d08       $pdata$?DloadProtectSection@@YAXKPEAK@Z 0000000180018d08     DelayImp:delayhlp.obj
 0004:00000d14       $pdata$?DloadAcquireSectionWriteAccess@@YAXXZ 0000000180018d14     DelayImp:delayhlp.obj
 0004:00000d20       $pdata$?DloadReleaseSectionWriteAccess@@YAXXZ 0000000180018d20     DelayImp:delayhlp.obj
 0004:00000d2c       $pdata$__delayLoadHelper2  0000000180018d2c     DelayImp:delayhlp.obj
 0004:00000d38       $pdata$_IsNonwritableInCurrentImage 0000000180018d38     LIBCMT:pesect.obj
 0004:00000d44       $pdata$_IsNonwritableInCurrentImage$filt$0 0000000180018d44     LIBCMT:pesect.obj
 0004:00000d50       $pdata$__GSHandlerCheckCommon 0000000180018d50     LIBCMT:gshandler.obj
 0004:00000d5c       $pdata$__GSHandlerCheck    0000000180018d5c     LIBCMT:gshandler.obj
 0004:00000d80       $pdata$?Initialize@@YAXV?$Local@VObject@v8@@@v8@@@Z 0000000180018d80     addon.obj
 0004:00000d8c       $pdata$?Sum@@YAXAEBV?$FunctionCallbackInfo@VValue@v8@@@v8@@@Z 0000000180018d8c     addon.obj
 0004:00000d98       $pdata$?load_exe_hook@@YAP6A_JXZIPEAUDelayLoadInfo@@@Z 0000000180018d98     win_delay_load_hook.obj
 0005:00000000       MsetTab                    0000000180019000     libvcruntime:memset.obj
 0005:00000050       MoveSmall                  0000000180019050     libvcruntime:memcpy.obj
 0006:00000060       $R000000                   000000018001a060     * linker generated manifest res *

 Exports

  ordinal    name

        1    _register_addon_
